02:27:40 **** Clean-only build of configuration Debug for project JSC_3_App_1_AfaFull ****
make clean 
rm -rf  ./src/AFAMain.o ./src/AFANetworkSettings.o ./src/AFAProcessing.o ./src/AFAProcessingHWC-Simu.o ./src/AFAProcessingHWWrapper.o ./src/AFARandom.o ./src/AFASpectra.o ./src/AFATypes.o ./src/BoardIO.o ./src/Interrupt.o ./src/main.o ./src/platform.o ./src/xgpio_tapp_example.o  ./src/AFAMain.d ./src/AFANetworkSettings.d ./src/AFAProcessing.d ./src/AFAProcessingHWC-Simu.d ./src/AFAProcessingHWWrapper.d ./src/AFARandom.d ./src/AFASpectra.d ./src/AFATypes.d ./src/BoardIO.d ./src/Interrupt.d ./src/main.d ./src/platform.d ./src/xgpio_tapp_example.d  JSC_3_App_1_AfaFull.elf.size  JSC_3_App_1_AfaFull.elf
' '
02:27:40 **** Clean-only build of project JSC_1_BSP ****
make -k clean 
rm -f microblaze_0/lib/libxil.a
02:27:40 **** Build of project JSC_1_BSP ****
make -k all 
"Running Make include in microblaze_0/libsrc/AFAProcess_HW_v0_5/src"
make -C microblaze_0/libsrc/AFAProcess_HW_v0_5/src -s include  "SHELL=CMD" "COMPILER=mb-gcc" "ARCHIVER=mb-ar" "COMPILER_FLAGS= -O2 -c -mcpu=v9.5 -mlittle-endian -mxl-soft-mul" "EXTRA_COMPILER_FLAGS=-g"
"Running Make include in microblaze_0/libsrc/bram_v4_0/src"
make -C microblaze_0/libsrc/bram_v4_0/src -s include  "SHELL=CMD" "COMPILER=mb-gcc" "ARCHIVER=mb-ar" "COMPILER_FLAGS= -O2 -c -mcpu=v9.5 -mlittle-endian -mxl-soft-mul" "EXTRA_COMPILER_FLAGS=-g"
"Running Make include in microblaze_0/libsrc/cpu_v2_3/src"
make -C microblaze_0/libsrc/cpu_v2_3/src -s include  "SHELL=CMD" "COMPILER=mb-gcc" "ARCHIVER=mb-ar" "COMPILER_FLAGS= -O2 -c -mcpu=v9.5 -mlittle-endian -mxl-soft-mul" "EXTRA_COMPILER_FLAGS=-g"
"Running Make include in microblaze_0/libsrc/emaclite_v4_1/src"
make -C microblaze_0/libsrc/emaclite_v4_1/src -s include  "SHELL=CMD" "COMPILER=mb-gcc" "ARCHIVER=mb-ar" "COMPILER_FLAGS= -O2 -c -mcpu=v9.5 -mlittle-endian -mxl-soft-mul" "EXTRA_COMPILER_FLAGS=-g"
"Running Make include in microblaze_0/libsrc/gpio_v4_0/src"
make -C microblaze_0/libsrc/gpio_v4_0/src -s include  "SHELL=CMD" "COMPILER=mb-gcc" "ARCHIVER=mb-ar" "COMPILER_FLAGS= -O2 -c -mcpu=v9.5 -mlittle-endian -mxl-soft-mul" "EXTRA_COMPILER_FLAGS=-g"
"Running Make include in microblaze_0/libsrc/intc_v3_4/src"
make -C microblaze_0/libsrc/intc_v3_4/src -s include  "SHELL=CMD" "COMPILER=mb-gcc" "ARCHIVER=mb-ar" "COMPILER_FLAGS= -O2 -c -mcpu=v9.5 -mlittle-endian -mxl-soft-mul" "EXTRA_COMPILER_FLAGS=-g"
"Running Make include in microblaze_0/libsrc/lwip141_v1_3/src"
make -C microblaze_0/libsrc/lwip141_v1_3/src -s include  "SHELL=CMD" "COMPILER=mb-gcc" "ARCHIVER=mb-ar" "COMPILER_FLAGS= -O2 -c -mcpu=v9.5 -mlittle-endian -mxl-soft-mul" "EXTRA_COMPILER_FLAGS=-g"
"Running Make include in microblaze_0/libsrc/standalone_v5_3/src"
make -C microblaze_0/libsrc/standalone_v5_3/src -s include  "SHELL=CMD" "COMPILER=mb-gcc" "ARCHIVER=mb-ar" "COMPILER_FLAGS= -O2 -c -mcpu=v9.5 -mlittle-endian -mxl-soft-mul" "EXTRA_COMPILER_FLAGS=-g"
"Running Make include in microblaze_0/libsrc/tmrctr_v4_0/src"
make -C microblaze_0/libsrc/tmrctr_v4_0/src -s include  "SHELL=CMD" "COMPILER=mb-gcc" "ARCHIVER=mb-ar" "COMPILER_FLAGS= -O2 -c -mcpu=v9.5 -mlittle-endian -mxl-soft-mul" "EXTRA_COMPILER_FLAGS=-g"
"Running Make include in microblaze_0/libsrc/uartlite_v3_1/src"
make -C microblaze_0/libsrc/uartlite_v3_1/src -s include  "SHELL=CMD" "COMPILER=mb-gcc" "ARCHIVER=mb-ar" "COMPILER_FLAGS= -O2 -c -mcpu=v9.5 -mlittle-endian -mxl-soft-mul" "EXTRA_COMPILER_FLAGS=-g"
"Running Make libs in microblaze_0/libsrc/AFAProcess_HW_v0_5/src"
make -C microblaze_0/libsrc/AFAProcess_HW_v0_5/src -s libs  "SHELL=CMD" "COMPILER=mb-gcc" "ARCHIVER=mb-ar" "COMPILER_FLAGS= -O2 -c -mcpu=v9.5 -mlittle-endian -mxl-soft-mul" "EXTRA_COMPILER_FLAGS=-g"
"Compiling AFAProcess_HW"
mb-ar: creating ../../../lib/libxil.a
"Running Make libs in microblaze_0/libsrc/bram_v4_0/src"
make -C microblaze_0/libsrc/bram_v4_0/src -s libs  "SHELL=CMD" "COMPILER=mb-gcc" "ARCHIVER=mb-ar" "COMPILER_FLAGS= -O2 -c -mcpu=v9.5 -mlittle-endian -mxl-soft-mul" "EXTRA_COMPILER_FLAGS=-g"
"Compiling bram"
"Running Make libs in microblaze_0/libsrc/cpu_v2_3/src"
make -C microblaze_0/libsrc/cpu_v2_3/src -s libs  "SHELL=CMD" "COMPILER=mb-gcc" "ARCHIVER=mb-ar" "COMPILER_FLAGS= -O2 -c -mcpu=v9.5 -mlittle-endian -mxl-soft-mul" "EXTRA_COMPILER_FLAGS=-g"
"Compiling cpu"
"Running Make libs in microblaze_0/libsrc/emaclite_v4_1/src"
make -C microblaze_0/libsrc/emaclite_v4_1/src -s libs  "SHELL=CMD" "COMPILER=mb-gcc" "ARCHIVER=mb-ar" "COMPILER_FLAGS= -O2 -c -mcpu=v9.5 -mlittle-endian -mxl-soft-mul" "EXTRA_COMPILER_FLAGS=-g"
"Compiling emaclite"
"Running Make libs in microblaze_0/libsrc/gpio_v4_0/src"
make -C microblaze_0/libsrc/gpio_v4_0/src -s libs  "SHELL=CMD" "COMPILER=mb-gcc" "ARCHIVER=mb-ar" "COMPILER_FLAGS= -O2 -c -mcpu=v9.5 -mlittle-endian -mxl-soft-mul" "EXTRA_COMPILER_FLAGS=-g"
"Compiling gpio"
"Running Make libs in microblaze_0/libsrc/intc_v3_4/src"
make -C microblaze_0/libsrc/intc_v3_4/src -s libs  "SHELL=CMD" "COMPILER=mb-gcc" "ARCHIVER=mb-ar" "COMPILER_FLAGS= -O2 -c -mcpu=v9.5 -mlittle-endian -mxl-soft-mul" "EXTRA_COMPILER_FLAGS=-g"
"Compiling intc"
"Running Make libs in microblaze_0/libsrc/lwip141_v1_3/src"
make -C microblaze_0/libsrc/lwip141_v1_3/src -s libs  "SHELL=CMD" "COMPILER=mb-gcc" "ARCHIVER=mb-ar" "COMPILER_FLAGS= -O2 -c -mcpu=v9.5 -mlittle-endian -mxl-soft-mul" "EXTRA_COMPILER_FLAGS=-g"
"Compiling lwip src and adapter files"
"Running Make libs in microblaze_0/libsrc/standalone_v5_3/src"
make -C microblaze_0/libsrc/standalone_v5_3/src -s libs  "SHELL=CMD" "COMPILER=mb-gcc" "ARCHIVER=mb-ar" "COMPILER_FLAGS= -O2 -c -mcpu=v9.5 -mlittle-endian -mxl-soft-mul" "EXTRA_COMPILER_FLAGS=-g"
"Compiling standalone";
"Running Make libs in microblaze_0/libsrc/tmrctr_v4_0/src"
make -C microblaze_0/libsrc/tmrctr_v4_0/src -s libs  "SHELL=CMD" "COMPILER=mb-gcc" "ARCHIVER=mb-ar" "COMPILER_FLAGS= -O2 -c -mcpu=v9.5 -mlittle-endian -mxl-soft-mul" "EXTRA_COMPILER_FLAGS=-g"
"Compiling tmrctr"
"Running Make libs in microblaze_0/libsrc/uartlite_v3_1/src"
make -C microblaze_0/libsrc/uartlite_v3_1/src -s libs  "SHELL=CMD" "COMPILER=mb-gcc" "ARCHIVER=mb-ar" "COMPILER_FLAGS= -O2 -c -mcpu=v9.5 -mlittle-endian -mxl-soft-mul" "EXTRA_COMPILER_FLAGS=-g"
"Compiling uartlite"
'Finished building libraries'
02:27:45 **** Auto Build of configuration Debug for project JSC_2_APP_1_Hello ****
make all 
'Building file: ../src/platform.c'
'Invoking: MicroBlaze gcc compiler'
mb-gcc -Wall -O0 -g3 -c -fmessage-length=0 -MT"src/platform.o" -I../../JSC_1_BSP/microblaze_0/include -mlittle-endian -mcpu=v9.5 -mxl-soft-mul -Wl,--no-relax -MMD -MP -MF"src/platform.d" -MT"src/platform.d" -o "src/platform.o" "../src/platform.c"
'Finished building: ../src/platform.c'
' '
'Building target: JSC_2_APP_1_Hello.elf'
'Invoking: MicroBlaze gcc linker'
mb-gcc -Wl,-T -Wl,../src/lscript.ld -L../../JSC_1_BSP/microblaze_0/lib -mlittle-endian -mcpu=v9.5 -mxl-soft-mul -Wl,--no-relax -o "JSC_2_APP_1_Hello.elf"  ./src/helloworld.o ./src/platform.o   -Wl,--start-group,-lxil,-lgcc,-lc,--end-group -Wl,--start-group,-lxil,-llwip4,-lgcc,-lc,--end-group
'Finished building target: JSC_2_APP_1_Hello.elf'
' '
'Invoking: MicroBlaze Print Size'
mb-size JSC_2_APP_1_Hello.elf  |tee "JSC_2_APP_1_Hello.elf.size"
   text	   data	    bss	    dec	    hex	filename
   8408	    344	   3248	  12000	   2ee0	JSC_2_APP_1_Hello.elf
'Finished building: JSC_2_APP_1_Hello.elf.size'
' '
02:27:46 **** Auto Build of configuration Debug for project JSC_2_APP_2_Peripheral ****
make all 
'Building file: ../src/testperiph.c'
'Invoking: MicroBlaze gcc compiler'
mb-gcc -Wall -O0 -g3 -c -fmessage-length=0 -MT"src/testperiph.o" -I../../JSC_1_BSP/microblaze_0/include -mlittle-endian -mcpu=v9.5 -mxl-soft-mul -Wl,--no-relax -MMD -MP -MF"src/testperiph.d" -MT"src/testperiph.d" -o "src/testperiph.o" "../src/testperiph.c"
'Finished building: ../src/testperiph.c'
' '
'Building file: ../src/xemaclite_example_util.c'
'Invoking: MicroBlaze gcc compiler'
mb-gcc -Wall -O0 -g3 -c -fmessage-length=0 -MT"src/xemaclite_example_util.o" -I../../JSC_1_BSP/microblaze_0/include -mlittle-endian -mcpu=v9.5 -mxl-soft-mul -Wl,--no-relax -MMD -MP -MF"src/xemaclite_example_util.d" -MT"src/xemaclite_example_util.d" -o "src/xemaclite_example_util.o" "../src/xemaclite_example_util.c"
'Finished building: ../src/xemaclite_example_util.c'
' '
'Building file: ../src/xemaclite_intr_example.c'
'Invoking: MicroBlaze gcc compiler'
mb-gcc -Wall -O0 -g3 -c -fmessage-length=0 -MT"src/xemaclite_intr_example.o" -I../../JSC_1_BSP/microblaze_0/include -mlittle-endian -mcpu=v9.5 -mxl-soft-mul -Wl,--no-relax -MMD -MP -MF"src/xemaclite_intr_example.d" -MT"src/xemaclite_intr_example.d" -o "src/xemaclite_intr_example.o" "../src/xemaclite_intr_example.c"
../src/xemaclite_intr_example.c: In function 'EmacLiteSendHandler':
../src/xemaclite_intr_example.c:539:13: warning: variable 'XEmacInstancePtr' set but not used [-Wunused-but-set-variable]
  XEmacLite *XEmacInstancePtr;
             ^
'Finished building: ../src/xemaclite_intr_example.c'
' '
'Building file: ../src/xemaclite_polled_example.c'
'Invoking: MicroBlaze gcc compiler'
mb-gcc -Wall -O0 -g3 -c -fmessage-length=0 -MT"src/xemaclite_polled_example.o" -I../../JSC_1_BSP/microblaze_0/include -mlittle-endian -mcpu=v9.5 -mxl-soft-mul -Wl,--no-relax -MMD -MP -MF"src/xemaclite_polled_example.d" -MT"src/xemaclite_polled_example.d" -o "src/xemaclite_polled_example.o" "../src/xemaclite_polled_example.c"
'Finished building: ../src/xemaclite_polled_example.c'
' '
'Building file: ../src/xintc_tapp_example.c'
'Invoking: MicroBlaze gcc compiler'
mb-gcc -Wall -O0 -g3 -c -fmessage-length=0 -MT"src/xintc_tapp_example.o" -I../../JSC_1_BSP/microblaze_0/include -mlittle-endian -mcpu=v9.5 -mxl-soft-mul -Wl,--no-relax -MMD -MP -MF"src/xintc_tapp_example.d" -MT"src/xintc_tapp_example.d" -o "src/xintc_tapp_example.o" "../src/xintc_tapp_example.c"
'Finished building: ../src/xintc_tapp_example.c'
' '
'Building file: ../src/xtmrctr_intr_example.c'
'Invoking: MicroBlaze gcc compiler'
mb-gcc -Wall -O0 -g3 -c -fmessage-length=0 -MT"src/xtmrctr_intr_example.o" -I../../JSC_1_BSP/microblaze_0/include -mlittle-endian -mcpu=v9.5 -mxl-soft-mul -Wl,--no-relax -MMD -MP -MF"src/xtmrctr_intr_example.d" -MT"src/xtmrctr_intr_example.d" -o "src/xtmrctr_intr_example.o" "../src/xtmrctr_intr_example.c"
'Finished building: ../src/xtmrctr_intr_example.c'
' '
'Building file: ../src/xtmrctr_selftest_example.c'
'Invoking: MicroBlaze gcc compiler'
mb-gcc -Wall -O0 -g3 -c -fmessage-length=0 -MT"src/xtmrctr_selftest_example.o" -I../../JSC_1_BSP/microblaze_0/include -mlittle-endian -mcpu=v9.5 -mxl-soft-mul -Wl,--no-relax -MMD -MP -MF"src/xtmrctr_selftest_example.d" -MT"src/xtmrctr_selftest_example.d" -o "src/xtmrctr_selftest_example.o" "../src/xtmrctr_selftest_example.c"
'Finished building: ../src/xtmrctr_selftest_example.c'
' '
'Building target: JSC_2_APP_2_Peripheral.elf'
'Invoking: MicroBlaze gcc linker'
mb-gcc -Wl,-T -Wl,../src/lscript.ld -L../../JSC_1_BSP/microblaze_0/lib -mlittle-endian -mcpu=v9.5 -mxl-soft-mul -Wl,--no-relax -o "JSC_2_APP_2_Peripheral.elf"  ./src/testperiph.o ./src/xemaclite_example_util.o ./src/xemaclite_intr_example.o ./src/xemaclite_polled_example.o ./src/xintc_tapp_example.o ./src/xtmrctr_intr_example.o ./src/xtmrctr_selftest_example.o   -Wl,--start-group,-lxil,-lgcc,-lc,--end-group -Wl,--start-group,-lxil,-llwip4,-lgcc,-lc,--end-group
'Finished building target: JSC_2_APP_2_Peripheral.elf'
' '
'Invoking: MicroBlaze Print Size'
mb-size JSC_2_APP_2_Peripheral.elf  |tee "JSC_2_APP_2_Peripheral.elf.size"
   text	   data	    bss	    dec	    hex	filename
  31349	    408	   6520	  38277	   9585	JSC_2_APP_2_Peripheral.elf
'Finished building: JSC_2_APP_2_Peripheral.elf.size'
' '
02:27:47 **** Auto Build of configuration Debug for project JSC_2_APP_3_AfaPretest ****
make all 
'Building file: ../src/afa_main.c'
'Invoking: MicroBlaze gcc compiler'
mb-gcc -Wall -O0 -g3 -c -fmessage-length=0 -MT"src/afa_main.o" -I../../JSC_1_BSP/microblaze_0/include -mlittle-endian -mcpu=v9.5 -mxl-soft-mul -Wl,--no-relax -MMD -MP -MF"src/afa_main.d" -MT"src/afa_main.d" -o "src/afa_main.o" "../src/afa_main.c"
'Finished building: ../src/afa_main.c'
' '
'Building file: ../src/interrupts.c'
'Invoking: MicroBlaze gcc compiler'
mb-gcc -Wall -O0 -g3 -c -fmessage-length=0 -MT"src/interrupts.o" -I../../JSC_1_BSP/microblaze_0/include -mlittle-endian -mcpu=v9.5 -mxl-soft-mul -Wl,--no-relax -MMD -MP -MF"src/interrupts.d" -MT"src/interrupts.d" -o "src/interrupts.o" "../src/interrupts.c"
'Finished building: ../src/interrupts.c'
' '
'Building file: ../src/main.c'
'Invoking: MicroBlaze gcc compiler'
mb-gcc -Wall -O0 -g3 -c -fmessage-length=0 -MT"src/main.o" -I../../JSC_1_BSP/microblaze_0/include -mlittle-endian -mcpu=v9.5 -mxl-soft-mul -Wl,--no-relax -MMD -MP -MF"src/main.d" -MT"src/main.d" -o "src/main.o" "../src/main.c"
../src/main.c: In function 'main':
../src/main.c:40:5: warning: implicit declaration of function 'AfaTestApp' [-Wimplicit-function-declaration]
     AfaTestApp();
     ^
../src/main.c:30:20: warning: unused variable 'axi_timer_0_Timer' [-Wunused-variable]
     static XTmrCtr axi_timer_0_Timer;
                    ^
../src/main.c:29:22: warning: unused variable 'axi_ethernetlite_0_EmacLite' [-Wunused-variable]
     static XEmacLite axi_ethernetlite_0_EmacLite;
                      ^
../src/main.c:28:18: warning: unused variable 'intc' [-Wunused-variable]
     static XIntc intc;
                  ^
'Finished building: ../src/main.c'
' '
'Building file: ../src/xemaclite_example_util.c'
'Invoking: MicroBlaze gcc compiler'
mb-gcc -Wall -O0 -g3 -c -fmessage-length=0 -MT"src/xemaclite_example_util.o" -I../../JSC_1_BSP/microblaze_0/include -mlittle-endian -mcpu=v9.5 -mxl-soft-mul -Wl,--no-relax -MMD -MP -MF"src/xemaclite_example_util.d" -MT"src/xemaclite_example_util.d" -o "src/xemaclite_example_util.o" "../src/xemaclite_example_util.c"
'Finished building: ../src/xemaclite_example_util.c'
' '
'Building file: ../src/xemaclite_intr_example.c'
'Invoking: MicroBlaze gcc compiler'
mb-gcc -Wall -O0 -g3 -c -fmessage-length=0 -MT"src/xemaclite_intr_example.o" -I../../JSC_1_BSP/microblaze_0/include -mlittle-endian -mcpu=v9.5 -mxl-soft-mul -Wl,--no-relax -MMD -MP -MF"src/xemaclite_intr_example.d" -MT"src/xemaclite_intr_example.d" -o "src/xemaclite_intr_example.o" "../src/xemaclite_intr_example.c"
../src/xemaclite_intr_example.c: In function 'EmacLiteSendHandler':
../src/xemaclite_intr_example.c:539:13: warning: variable 'XEmacInstancePtr' set but not used [-Wunused-but-set-variable]
  XEmacLite *XEmacInstancePtr;
             ^
'Finished building: ../src/xemaclite_intr_example.c'
' '
'Building file: ../src/xemaclite_polled_example.c'
'Invoking: MicroBlaze gcc compiler'
mb-gcc -Wall -O0 -g3 -c -fmessage-length=0 -MT"src/xemaclite_polled_example.o" -I../../JSC_1_BSP/microblaze_0/include -mlittle-endian -mcpu=v9.5 -mxl-soft-mul -Wl,--no-relax -MMD -MP -MF"src/xemaclite_polled_example.d" -MT"src/xemaclite_polled_example.d" -o "src/xemaclite_polled_example.o" "../src/xemaclite_polled_example.c"
'Finished building: ../src/xemaclite_polled_example.c'
' '
'Building file: ../src/xintc_tapp_example.c'
'Invoking: MicroBlaze gcc compiler'
mb-gcc -Wall -O0 -g3 -c -fmessage-length=0 -MT"src/xintc_tapp_example.o" -I../../JSC_1_BSP/microblaze_0/include -mlittle-endian -mcpu=v9.5 -mxl-soft-mul -Wl,--no-relax -MMD -MP -MF"src/xintc_tapp_example.d" -MT"src/xintc_tapp_example.d" -o "src/xintc_tapp_example.o" "../src/xintc_tapp_example.c"
'Finished building: ../src/xintc_tapp_example.c'
' '
'Building file: ../src/xtmrctr_intr_example.c'
'Invoking: MicroBlaze gcc compiler'
mb-gcc -Wall -O0 -g3 -c -fmessage-length=0 -MT"src/xtmrctr_intr_example.o" -I../../JSC_1_BSP/microblaze_0/include -mlittle-endian -mcpu=v9.5 -mxl-soft-mul -Wl,--no-relax -MMD -MP -MF"src/xtmrctr_intr_example.d" -MT"src/xtmrctr_intr_example.d" -o "src/xtmrctr_intr_example.o" "../src/xtmrctr_intr_example.c"
'Finished building: ../src/xtmrctr_intr_example.c'
' '
'Building file: ../src/xtmrctr_selftest_example.c'
'Invoking: MicroBlaze gcc compiler'
mb-gcc -Wall -O0 -g3 -c -fmessage-length=0 -MT"src/xtmrctr_selftest_example.o" -I../../JSC_1_BSP/microblaze_0/include -mlittle-endian -mcpu=v9.5 -mxl-soft-mul -Wl,--no-relax -MMD -MP -MF"src/xtmrctr_selftest_example.d" -MT"src/xtmrctr_selftest_example.d" -o "src/xtmrctr_selftest_example.o" "../src/xtmrctr_selftest_example.c"
'Finished building: ../src/xtmrctr_selftest_example.c'
' '
'Building target: JSC_2_APP_3_AfaPretest.elf'
'Invoking: MicroBlaze gcc linker'
mb-gcc -Wl,-T -Wl,../src/lscript.ld -L../../JSC_1_BSP/microblaze_0/lib -mlittle-endian -mcpu=v9.5 -mxl-soft-mul -Wl,--no-relax -o "JSC_2_APP_3_AfaPretest.elf"  ./src/afa_main.o ./src/interrupts.o ./src/main.o ./src/xemaclite_example_util.o ./src/xemaclite_intr_example.o ./src/xemaclite_polled_example.o ./src/xintc_tapp_example.o ./src/xtmrctr_intr_example.o ./src/xtmrctr_selftest_example.o   -Wl,--start-group,-lxil,-lgcc,-lc,--end-group -Wl,--start-group,-lxil,-llwip4,-lgcc,-lc,--end-group
'Finished building target: JSC_2_APP_3_AfaPretest.elf'
' '
'Invoking: MicroBlaze Print Size'
mb-size JSC_2_APP_3_AfaPretest.elf  |tee "JSC_2_APP_3_AfaPretest.elf.size"
   text	   data	    bss	    dec	    hex	filename
  34565	    424	   6552	  41541	   a245	JSC_2_APP_3_AfaPretest.elf
'Finished building: JSC_2_APP_3_AfaPretest.elf.size'
' '
02:27:49 **** Auto Build of configuration Debug for project JSC_2_APP_4_LEDs ****
make all 
'Building file: ../src/testperiph.c'
'Invoking: MicroBlaze gcc compiler'
mb-gcc -Wall -O0 -g3 -c -fmessage-length=0 -MT"src/testperiph.o" -I../../JSC_1_BSP/microblaze_0/include -mlittle-endian -mcpu=v9.5 -mxl-soft-mul -Wl,--no-relax -MMD -MP -MF"src/testperiph.d" -MT"src/testperiph.d" -o "src/testperiph.o" "../src/testperiph.c"
'Finished building: ../src/testperiph.c'
' '
'Building file: ../src/xemaclite_example_util.c'
'Invoking: MicroBlaze gcc compiler'
mb-gcc -Wall -O0 -g3 -c -fmessage-length=0 -MT"src/xemaclite_example_util.o" -I../../JSC_1_BSP/microblaze_0/include -mlittle-endian -mcpu=v9.5 -mxl-soft-mul -Wl,--no-relax -MMD -MP -MF"src/xemaclite_example_util.d" -MT"src/xemaclite_example_util.d" -o "src/xemaclite_example_util.o" "../src/xemaclite_example_util.c"
'Finished building: ../src/xemaclite_example_util.c'
' '
'Building file: ../src/xemaclite_intr_example.c'
'Invoking: MicroBlaze gcc compiler'
mb-gcc -Wall -O0 -g3 -c -fmessage-length=0 -MT"src/xemaclite_intr_example.o" -I../../JSC_1_BSP/microblaze_0/include -mlittle-endian -mcpu=v9.5 -mxl-soft-mul -Wl,--no-relax -MMD -MP -MF"src/xemaclite_intr_example.d" -MT"src/xemaclite_intr_example.d" -o "src/xemaclite_intr_example.o" "../src/xemaclite_intr_example.c"
../src/xemaclite_intr_example.c: In function 'EmacLiteSendHandler':
../src/xemaclite_intr_example.c:539:13: warning: variable 'XEmacInstancePtr' set but not used [-Wunused-but-set-variable]
  XEmacLite *XEmacInstancePtr;
             ^
'Finished building: ../src/xemaclite_intr_example.c'
' '
'Building file: ../src/xemaclite_polled_example.c'
'Invoking: MicroBlaze gcc compiler'
mb-gcc -Wall -O0 -g3 -c -fmessage-length=0 -MT"src/xemaclite_polled_example.o" -I../../JSC_1_BSP/microblaze_0/include -mlittle-endian -mcpu=v9.5 -mxl-soft-mul -Wl,--no-relax -MMD -MP -MF"src/xemaclite_polled_example.d" -MT"src/xemaclite_polled_example.d" -o "src/xemaclite_polled_example.o" "../src/xemaclite_polled_example.c"
'Finished building: ../src/xemaclite_polled_example.c'
' '
'Building file: ../src/xgpio_tapp_example.c'
'Invoking: MicroBlaze gcc compiler'
mb-gcc -Wall -O0 -g3 -c -fmessage-length=0 -MT"src/xgpio_tapp_example.o" -I../../JSC_1_BSP/microblaze_0/include -mlittle-endian -mcpu=v9.5 -mxl-soft-mul -Wl,--no-relax -MMD -MP -MF"src/xgpio_tapp_example.d" -MT"src/xgpio_tapp_example.d" -o "src/xgpio_tapp_example.o" "../src/xgpio_tapp_example.c"
../src/xgpio_tapp_example.c: In function 'GpioOutputExample':
../src/xgpio_tapp_example.c:172:6: warning: unused variable 'Data' [-Wunused-variable]
  u32 Data;
      ^
'Finished building: ../src/xgpio_tapp_example.c'
' '
'Building file: ../src/xintc_tapp_example.c'
'Invoking: MicroBlaze gcc compiler'
mb-gcc -Wall -O0 -g3 -c -fmessage-length=0 -MT"src/xintc_tapp_example.o" -I../../JSC_1_BSP/microblaze_0/include -mlittle-endian -mcpu=v9.5 -mxl-soft-mul -Wl,--no-relax -MMD -MP -MF"src/xintc_tapp_example.d" -MT"src/xintc_tapp_example.d" -o "src/xintc_tapp_example.o" "../src/xintc_tapp_example.c"
'Finished building: ../src/xintc_tapp_example.c'
' '
'Building file: ../src/xtmrctr_intr_example.c'
'Invoking: MicroBlaze gcc compiler'
mb-gcc -Wall -O0 -g3 -c -fmessage-length=0 -MT"src/xtmrctr_intr_example.o" -I../../JSC_1_BSP/microblaze_0/include -mlittle-endian -mcpu=v9.5 -mxl-soft-mul -Wl,--no-relax -MMD -MP -MF"src/xtmrctr_intr_example.d" -MT"src/xtmrctr_intr_example.d" -o "src/xtmrctr_intr_example.o" "../src/xtmrctr_intr_example.c"
'Finished building: ../src/xtmrctr_intr_example.c'
' '
'Building file: ../src/xtmrctr_selftest_example.c'
'Invoking: MicroBlaze gcc compiler'
mb-gcc -Wall -O0 -g3 -c -fmessage-length=0 -MT"src/xtmrctr_selftest_example.o" -I../../JSC_1_BSP/microblaze_0/include -mlittle-endian -mcpu=v9.5 -mxl-soft-mul -Wl,--no-relax -MMD -MP -MF"src/xtmrctr_selftest_example.d" -MT"src/xtmrctr_selftest_example.d" -o "src/xtmrctr_selftest_example.o" "../src/xtmrctr_selftest_example.c"
'Finished building: ../src/xtmrctr_selftest_example.c'
' '
'Building target: JSC_2_APP_4_LEDs.elf'
'Invoking: MicroBlaze gcc linker'
mb-gcc -Wl,-T -Wl,../src/lscript.ld -L../../JSC_1_BSP/microblaze_0/lib -mlittle-endian -mcpu=v9.5 -mxl-soft-mul -Wl,--no-relax -o "JSC_2_APP_4_LEDs.elf"  ./src/testperiph.o ./src/xemaclite_example_util.o ./src/xemaclite_intr_example.o ./src/xemaclite_polled_example.o ./src/xgpio_tapp_example.o ./src/xintc_tapp_example.o ./src/xtmrctr_intr_example.o ./src/xtmrctr_selftest_example.o   -Wl,--start-group,-lxil,-lgcc,-lc,--end-group -Wl,--start-group,-lxil,-llwip4,-lgcc,-lc,--end-group
'Finished building target: JSC_2_APP_4_LEDs.elf'
' '
'Invoking: MicroBlaze Print Size'
mb-size JSC_2_APP_4_LEDs.elf  |tee "JSC_2_APP_4_LEDs.elf.size"
   text	   data	    bss	    dec	    hex	filename
  34401	    440	   6559	  41400	   a1b8	JSC_2_APP_4_LEDs.elf
'Finished building: JSC_2_APP_4_LEDs.elf.size'
' '
02:27:50 **** Auto Build of configuration Debug for project JSC_2_APP_5_TestTest ****
make all 
'Building file: ../src/testperiph.c'
'Invoking: MicroBlaze gcc compiler'
mb-gcc -Wall -O0 -g3 -c -fmessage-length=0 -MT"src/testperiph.o" -I../../JSC_1_BSP/microblaze_0/include -mlittle-endian -mcpu=v9.5 -mxl-soft-mul -Wl,--no-relax -MMD -MP -MF"src/testperiph.d" -MT"src/testperiph.d" -o "src/testperiph.o" "../src/testperiph.c"
'Finished building: ../src/testperiph.c'
' '
'Building file: ../src/xemaclite_example_util.c'
'Invoking: MicroBlaze gcc compiler'
mb-gcc -Wall -O0 -g3 -c -fmessage-length=0 -MT"src/xemaclite_example_util.o" -I../../JSC_1_BSP/microblaze_0/include -mlittle-endian -mcpu=v9.5 -mxl-soft-mul -Wl,--no-relax -MMD -MP -MF"src/xemaclite_example_util.d" -MT"src/xemaclite_example_util.d" -o "src/xemaclite_example_util.o" "../src/xemaclite_example_util.c"
'Finished building: ../src/xemaclite_example_util.c'
' '
'Building file: ../src/xemaclite_intr_example.c'
'Invoking: MicroBlaze gcc compiler'
mb-gcc -Wall -O0 -g3 -c -fmessage-length=0 -MT"src/xemaclite_intr_example.o" -I../../JSC_1_BSP/microblaze_0/include -mlittle-endian -mcpu=v9.5 -mxl-soft-mul -Wl,--no-relax -MMD -MP -MF"src/xemaclite_intr_example.d" -MT"src/xemaclite_intr_example.d" -o "src/xemaclite_intr_example.o" "../src/xemaclite_intr_example.c"
../src/xemaclite_intr_example.c: In function 'EmacLiteSendHandler':
../src/xemaclite_intr_example.c:539:13: warning: variable 'XEmacInstancePtr' set but not used [-Wunused-but-set-variable]
  XEmacLite *XEmacInstancePtr;
             ^
'Finished building: ../src/xemaclite_intr_example.c'
' '
'Building file: ../src/xemaclite_polled_example.c'
'Invoking: MicroBlaze gcc compiler'
mb-gcc -Wall -O0 -g3 -c -fmessage-length=0 -MT"src/xemaclite_polled_example.o" -I../../JSC_1_BSP/microblaze_0/include -mlittle-endian -mcpu=v9.5 -mxl-soft-mul -Wl,--no-relax -MMD -MP -MF"src/xemaclite_polled_example.d" -MT"src/xemaclite_polled_example.d" -o "src/xemaclite_polled_example.o" "../src/xemaclite_polled_example.c"
'Finished building: ../src/xemaclite_polled_example.c'
' '
'Building file: ../src/xgpio_tapp_example.c'
'Invoking: MicroBlaze gcc compiler'
mb-gcc -Wall -O0 -g3 -c -fmessage-length=0 -MT"src/xgpio_tapp_example.o" -I../../JSC_1_BSP/microblaze_0/include -mlittle-endian -mcpu=v9.5 -mxl-soft-mul -Wl,--no-relax -MMD -MP -MF"src/xgpio_tapp_example.d" -MT"src/xgpio_tapp_example.d" -o "src/xgpio_tapp_example.o" "../src/xgpio_tapp_example.c"
../src/xgpio_tapp_example.c: In function 'GpioOutputExample':
../src/xgpio_tapp_example.c:172:6: warning: unused variable 'Data' [-Wunused-variable]
  u32 Data;
      ^
'Finished building: ../src/xgpio_tapp_example.c'
' '
'Building file: ../src/xintc_tapp_example.c'
'Invoking: MicroBlaze gcc compiler'
mb-gcc -Wall -O0 -g3 -c -fmessage-length=0 -MT"src/xintc_tapp_example.o" -I../../JSC_1_BSP/microblaze_0/include -mlittle-endian -mcpu=v9.5 -mxl-soft-mul -Wl,--no-relax -MMD -MP -MF"src/xintc_tapp_example.d" -MT"src/xintc_tapp_example.d" -o "src/xintc_tapp_example.o" "../src/xintc_tapp_example.c"
'Finished building: ../src/xintc_tapp_example.c'
' '
'Building file: ../src/xtmrctr_intr_example.c'
'Invoking: MicroBlaze gcc compiler'
mb-gcc -Wall -O0 -g3 -c -fmessage-length=0 -MT"src/xtmrctr_intr_example.o" -I../../JSC_1_BSP/microblaze_0/include -mlittle-endian -mcpu=v9.5 -mxl-soft-mul -Wl,--no-relax -MMD -MP -MF"src/xtmrctr_intr_example.d" -MT"src/xtmrctr_intr_example.d" -o "src/xtmrctr_intr_example.o" "../src/xtmrctr_intr_example.c"
'Finished building: ../src/xtmrctr_intr_example.c'
' '
'Building file: ../src/xtmrctr_selftest_example.c'
'Invoking: MicroBlaze gcc compiler'
mb-gcc -Wall -O0 -g3 -c -fmessage-length=0 -MT"src/xtmrctr_selftest_example.o" -I../../JSC_1_BSP/microblaze_0/include -mlittle-endian -mcpu=v9.5 -mxl-soft-mul -Wl,--no-relax -MMD -MP -MF"src/xtmrctr_selftest_example.d" -MT"src/xtmrctr_selftest_example.d" -o "src/xtmrctr_selftest_example.o" "../src/xtmrctr_selftest_example.c"
'Finished building: ../src/xtmrctr_selftest_example.c'
' '
'Building target: JSC_2_APP_5_TestTest.elf'
'Invoking: MicroBlaze gcc linker'
mb-gcc -Wl,-T -Wl,../src/lscript.ld -L../../JSC_1_BSP/microblaze_0/lib -mlittle-endian -mcpu=v9.5 -mxl-soft-mul -Wl,--no-relax -o "JSC_2_APP_5_TestTest.elf"  ./src/testperiph.o ./src/xemaclite_example_util.o ./src/xemaclite_intr_example.o ./src/xemaclite_polled_example.o ./src/xgpio_tapp_example.o ./src/xintc_tapp_example.o ./src/xtmrctr_intr_example.o ./src/xtmrctr_selftest_example.o   -Wl,--start-group,-lxil,-lgcc,-lc,--end-group -Wl,--start-group,-lxil,-llwip4,-lgcc,-lc,--end-group
'Finished building target: JSC_2_APP_5_TestTest.elf'
' '
'Invoking: MicroBlaze Print Size'
mb-size JSC_2_APP_5_TestTest.elf  |tee "JSC_2_APP_5_TestTest.elf.size"
   text	   data	    bss	    dec	    hex	filename
  34401	    440	   6559	  41400	   a1b8	JSC_2_APP_5_TestTest.elf
'Finished building: JSC_2_APP_5_TestTest.elf.size'
' '
02:27:51 **** Build of configuration Debug for project JSC_3_App_1_AfaFull ****
make all 
'Building file: ../src/AFAMain.c'
'Invoking: MicroBlaze gcc compiler'
mb-gcc -Wall -O0 -g3 -c -fmessage-length=0 -MT"src/AFAMain.o" -I../../JSC_1_BSP/microblaze_0/include -mlittle-endian -mcpu=v9.5 -mxl-soft-mul -Wl,--no-relax -MMD -MP -MF"src/AFAMain.d" -MT"src/AFAMain.d" -o "src/AFAMain.o" "../src/AFAMain.c"
'Finished building: ../src/AFAMain.c'
' '
'Building file: ../src/AFANetworkSettings.c'
'Invoking: MicroBlaze gcc compiler'
mb-gcc -Wall -O0 -g3 -c -fmessage-length=0 -MT"src/AFANetworkSettings.o" -I../../JSC_1_BSP/microblaze_0/include -mlittle-endian -mcpu=v9.5 -mxl-soft-mul -Wl,--no-relax -MMD -MP -MF"src/AFANetworkSettings.d" -MT"src/AFANetworkSettings.d" -o "src/AFANetworkSettings.o" "../src/AFANetworkSettings.c"
'Finished building: ../src/AFANetworkSettings.c'
' '
'Building file: ../src/AFAProcessing.c'
'Invoking: MicroBlaze gcc compiler'
mb-gcc -Wall -O0 -g3 -c -fmessage-length=0 -MT"src/AFAProcessing.o" -I../../JSC_1_BSP/microblaze_0/include -mlittle-endian -mcpu=v9.5 -mxl-soft-mul -Wl,--no-relax -MMD -MP -MF"src/AFAProcessing.d" -MT"src/AFAProcessing.d" -o "src/AFAProcessing.o" "../src/AFAProcessing.c"
../src/AFAProcessing.c: In function 'AFAHelperStructures_MemAllocate':
../src/AFAProcessing.c:136:46: warning: cast to pointer from integer of different size [-Wint-to-pointer-cast]
     AFAPP_sw.memoryBlockBaseAddressAligned = ( void * ) tmpAddrCalc;
                                              ^
'Finished building: ../src/AFAProcessing.c'
' '
'Building file: ../src/AFAProcessingHWC-Simu.c'
'Invoking: MicroBlaze gcc compiler'
mb-gcc -Wall -O0 -g3 -c -fmessage-length=0 -MT"src/AFAProcessingHWC-Simu.o" -I../../JSC_1_BSP/microblaze_0/include -mlittle-endian -mcpu=v9.5 -mxl-soft-mul -Wl,--no-relax -MMD -MP -MF"src/AFAProcessingHWC-Simu.d" -MT"src/AFAProcessingHWC-Simu.d" -o "src/AFAProcessingHWC-Simu.o" "../src/AFAProcessingHWC-Simu.c"
../src/AFAProcessingHWC-Simu.c: In function 'AFAProcess_HW':
../src/AFAProcessingHWC-Simu.c:162:0: warning: ignoring #pragma HLS RESOURCE [-Wunknown-pragmas]
 #pragma HLS RESOURCE            variable=param             core=RAM_1P_BRAM
 ^
../src/AFAProcessingHWC-Simu.c:163:0: warning: ignoring #pragma HLS INTERFACE [-Wunknown-pragmas]
 #pragma HLS INTERFACE bram      port=param
 ^
../src/AFAProcessingHWC-Simu.c:164:0: warning: ignoring #pragma HLS INTERFACE [-Wunknown-pragmas]
 #pragma HLS INTERFACE m_axi     port=baseAddr              depth=10000
 ^
../src/AFAProcessingHWC-Simu.c:165:0: warning: ignoring #pragma HLS INTERFACE [-Wunknown-pragmas]
 #pragma HLS INTERFACE s_axilite port=baseAddr                          bundle=INTERFACE_AXILITE_SLAVE
 ^
../src/AFAProcessingHWC-Simu.c:166:0: warning: ignoring #pragma HLS INTERFACE [-Wunknown-pragmas]
 #pragma HLS INTERFACE s_axilite port=return                            bundle=INTERFACE_AXILITE_SLAVE
 ^
'Finished building: ../src/AFAProcessingHWC-Simu.c'
' '
'Building file: ../src/AFAProcessingHWWrapper.c'
'Invoking: MicroBlaze gcc compiler'
mb-gcc -Wall -O0 -g3 -c -fmessage-length=0 -MT"src/AFAProcessingHWWrapper.o" -I../../JSC_1_BSP/microblaze_0/include -mlittle-endian -mcpu=v9.5 -mxl-soft-mul -Wl,--no-relax -MMD -MP -MF"src/AFAProcessingHWWrapper.d" -MT"src/AFAProcessingHWWrapper.d" -o "src/AFAProcessingHWWrapper.o" "../src/AFAProcessingHWWrapper.c"
'Finished building: ../src/AFAProcessingHWWrapper.c'
' '
'Building file: ../src/AFARandom.c'
'Invoking: MicroBlaze gcc compiler'
mb-gcc -Wall -O0 -g3 -c -fmessage-length=0 -MT"src/AFARandom.o" -I../../JSC_1_BSP/microblaze_0/include -mlittle-endian -mcpu=v9.5 -mxl-soft-mul -Wl,--no-relax -MMD -MP -MF"src/AFARandom.d" -MT"src/AFARandom.d" -o "src/AFARandom.o" "../src/AFARandom.c"
'Finished building: ../src/AFARandom.c'
' '
'Building file: ../src/AFASpectra.c'
'Invoking: MicroBlaze gcc compiler'
mb-gcc -Wall -O0 -g3 -c -fmessage-length=0 -MT"src/AFASpectra.o" -I../../JSC_1_BSP/microblaze_0/include -mlittle-endian -mcpu=v9.5 -mxl-soft-mul -Wl,--no-relax -MMD -MP -MF"src/AFASpectra.d" -MT"src/AFASpectra.d" -o "src/AFASpectra.o" "../src/AFASpectra.c"
'Finished building: ../src/AFASpectra.c'
' '
'Building file: ../src/AFATypes.c'
'Invoking: MicroBlaze gcc compiler'
mb-gcc -Wall -O0 -g3 -c -fmessage-length=0 -MT"src/AFATypes.o" -I../../JSC_1_BSP/microblaze_0/include -mlittle-endian -mcpu=v9.5 -mxl-soft-mul -Wl,--no-relax -MMD -MP -MF"src/AFATypes.d" -MT"src/AFATypes.d" -o "src/AFATypes.o" "../src/AFATypes.c"
'Finished building: ../src/AFATypes.c'
' '
'Building file: ../src/BoardIO.c'
'Invoking: MicroBlaze gcc compiler'
mb-gcc -Wall -O0 -g3 -c -fmessage-length=0 -MT"src/BoardIO.o" -I../../JSC_1_BSP/microblaze_0/include -mlittle-endian -mcpu=v9.5 -mxl-soft-mul -Wl,--no-relax -MMD -MP -MF"src/BoardIO.d" -MT"src/BoardIO.d" -o "src/BoardIO.o" "../src/BoardIO.c"
'Finished building: ../src/BoardIO.c'
' '
'Building file: ../src/Interrupt.c'
'Invoking: MicroBlaze gcc compiler'
mb-gcc -Wall -O0 -g3 -c -fmessage-length=0 -MT"src/Interrupt.o" -I../../JSC_1_BSP/microblaze_0/include -mlittle-endian -mcpu=v9.5 -mxl-soft-mul -Wl,--no-relax -MMD -MP -MF"src/Interrupt.d" -MT"src/Interrupt.d" -o "src/Interrupt.o" "../src/Interrupt.c"
'Finished building: ../src/Interrupt.c'
' '
'Building file: ../src/main.c'
'Invoking: MicroBlaze gcc compiler'
mb-gcc -Wall -O0 -g3 -c -fmessage-length=0 -MT"src/main.o" -I../../JSC_1_BSP/microblaze_0/include -mlittle-endian -mcpu=v9.5 -mxl-soft-mul -Wl,--no-relax -MMD -MP -MF"src/main.d" -MT"src/main.d" -o "src/main.o" "../src/main.c"
../src/main.c: In function 'main':
../src/main.c:302:6: warning: implicit declaration of function 'InterruptInit' [-Wimplicit-function-declaration]
      InterruptInit();
      ^
../src/main.c:303:6: warning: implicit declaration of function 'XAfaprocess_hw_Init' [-Wimplicit-function-declaration]
      XAfaprocess_hw_Init();
      ^
../src/main.c:304:6: warning: implicit declaration of function 'InterruptEnable' [-Wimplicit-function-declaration]
      InterruptEnable();
      ^
'Finished building: ../src/main.c'
' '
'Building file: ../src/platform.c'
'Invoking: MicroBlaze gcc compiler'
mb-gcc -Wall -O0 -g3 -c -fmessage-length=0 -MT"src/platform.o" -I../../JSC_1_BSP/microblaze_0/include -mlittle-endian -mcpu=v9.5 -mxl-soft-mul -Wl,--no-relax -MMD -MP -MF"src/platform.d" -MT"src/platform.d" -o "src/platform.o" "../src/platform.c"
'Finished building: ../src/platform.c'
' '
'Building file: ../src/xgpio_tapp_example.c'
'Invoking: MicroBlaze gcc compiler'
mb-gcc -Wall -O0 -g3 -c -fmessage-length=0 -MT"src/xgpio_tapp_example.o" -I../../JSC_1_BSP/microblaze_0/include -mlittle-endian -mcpu=v9.5 -mxl-soft-mul -Wl,--no-relax -MMD -MP -MF"src/xgpio_tapp_example.d" -MT"src/xgpio_tapp_example.d" -o "src/xgpio_tapp_example.o" "../src/xgpio_tapp_example.c"
../src/xgpio_tapp_example.c: In function 'GpioOutputExample':
../src/xgpio_tapp_example.c:172:6: warning: unused variable 'Data' [-Wunused-variable]
  u32 Data;
      ^
'Finished building: ../src/xgpio_tapp_example.c'
' '
'Building target: JSC_3_App_1_AfaFull.elf'
'Invoking: MicroBlaze gcc linker'
mb-gcc -Wl,-T -Wl,../src/lscript.ld -L../../JSC_1_BSP/microblaze_0/lib -mlittle-endian -mcpu=v9.5 -mxl-soft-mul -Wl,--no-relax -o "JSC_3_App_1_AfaFull.elf"  ./src/AFAMain.o ./src/AFANetworkSettings.o ./src/AFAProcessing.o ./src/AFAProcessingHWC-Simu.o ./src/AFAProcessingHWWrapper.o ./src/AFARandom.o ./src/AFASpectra.o ./src/AFATypes.o ./src/BoardIO.o ./src/Interrupt.o ./src/main.o ./src/platform.o ./src/xgpio_tapp_example.o   -Wl,--start-group,-lxil,-lgcc,-lc,--end-group -Wl,--start-group,-lxil,-llwip4,-lgcc,-lc,--end-group
'Finished building target: JSC_3_App_1_AfaFull.elf'
' '
'Invoking: MicroBlaze Print Size'
mb-size JSC_3_App_1_AfaFull.elf  |tee "JSC_3_App_1_AfaFull.elf.size"
   text	   data	    bss	    dec	    hex	filename
 168712	   2004	134222292	134393008	802acb0	JSC_3_App_1_AfaFull.elf
'Finished building: JSC_3_App_1_AfaFull.elf.size'
' '
02:28:37 **** Incremental Build of configuration Debug for project JSC_3_App_1_AfaFull ****
make all 
make: Für das Ziel »all« ist nichts zu tun.
02:36:58 **** Auto Build of configuration Debug for project JSC_3_App_1_AfaFull ****
make all 
'Building file: ../src/main.c'
'Invoking: MicroBlaze gcc compiler'
mb-gcc -Wall -O0 -g3 -c -fmessage-length=0 -MT"src/main.o" -I../../JSC_1_BSP/microblaze_0/include -mlittle-endian -mcpu=v9.5 -mxl-soft-mul -Wl,--no-relax -MMD -MP -MF"src/main.d" -MT"src/main.d" -o "src/main.o" "../src/main.c"
../src/main.c: In function 'main':
../src/main.c:302:6: warning: implicit declaration of function 'InterruptInit' [-Wimplicit-function-declaration]
      InterruptInit();
      ^
../src/main.c:303:6: warning: implicit declaration of function 'XAfaprocess_hw_Init' [-Wimplicit-function-declaration]
      XAfaprocess_hw_Init();
      ^
../src/main.c:304:6: warning: implicit declaration of function 'InterruptEnable' [-Wimplicit-function-declaration]
      InterruptEnable();
      ^
'Finished building: ../src/main.c'
' '
'Building target: JSC_3_App_1_AfaFull.elf'
'Invoking: MicroBlaze gcc linker'
mb-gcc -Wl,-T -Wl,../src/lscript.ld -L../../JSC_1_BSP/microblaze_0/lib -mlittle-endian -mcpu=v9.5 -mxl-soft-mul -Wl,--no-relax -o "JSC_3_App_1_AfaFull.elf"  ./src/AFAMain.o ./src/AFANetworkSettings.o ./src/AFAProcessing.o ./src/AFAProcessingHWC-Simu.o ./src/AFAProcessingHWWrapper.o ./src/AFARandom.o ./src/AFASpectra.o ./src/AFATypes.o ./src/BoardIO.o ./src/Interrupt.o ./src/main.o ./src/platform.o ./src/xgpio_tapp_example.o   -Wl,--start-group,-lxil,-lgcc,-lc,--end-group -Wl,--start-group,-lxil,-llwip4,-lgcc,-lc,--end-group
'Finished building target: JSC_3_App_1_AfaFull.elf'
' '
'Invoking: MicroBlaze Print Size'
mb-size JSC_3_App_1_AfaFull.elf  |tee "JSC_3_App_1_AfaFull.elf.size"
   text	   data	    bss	    dec	    hex	filename
 168696	   2004	134222292	134392992	802aca0	JSC_3_App_1_AfaFull.elf
'Finished building: JSC_3_App_1_AfaFull.elf.size'
' '
02:37:18 **** Auto Build of configuration Debug for project JSC_3_App_1_AfaFull ****
make all 
'Building file: ../src/main.c'
'Invoking: MicroBlaze gcc compiler'
mb-gcc -Wall -O0 -g3 -c -fmessage-length=0 -MT"src/main.o" -I../../JSC_1_BSP/microblaze_0/include -mlittle-endian -mcpu=v9.5 -mxl-soft-mul -Wl,--no-relax -MMD -MP -MF"src/main.d" -MT"src/main.d" -o "src/main.o" "../src/main.c"
../src/main.c: In function 'main':
../src/main.c:302:6: warning: implicit declaration of function 'InterruptInit' [-Wimplicit-function-declaration]
      InterruptInit();
      ^
../src/main.c:303:6: warning: implicit declaration of function 'XAfaprocess_hw_Init' [-Wimplicit-function-declaration]
      XAfaprocess_hw_Init();
      ^
../src/main.c:304:6: warning: implicit declaration of function 'InterruptEnable' [-Wimplicit-function-declaration]
      InterruptEnable();
      ^
'Finished building: ../src/main.c'
' '
'Building target: JSC_3_App_1_AfaFull.elf'
'Invoking: MicroBlaze gcc linker'
mb-gcc -Wl,-T -Wl,../src/lscript.ld -L../../JSC_1_BSP/microblaze_0/lib -mlittle-endian -mcpu=v9.5 -mxl-soft-mul -Wl,--no-relax -o "JSC_3_App_1_AfaFull.elf"  ./src/AFAMain.o ./src/AFANetworkSettings.o ./src/AFAProcessing.o ./src/AFAProcessingHWC-Simu.o ./src/AFAProcessingHWWrapper.o ./src/AFARandom.o ./src/AFASpectra.o ./src/AFATypes.o ./src/BoardIO.o ./src/Interrupt.o ./src/main.o ./src/platform.o ./src/xgpio_tapp_example.o   -Wl,--start-group,-lxil,-lgcc,-lc,--end-group -Wl,--start-group,-lxil,-llwip4,-lgcc,-lc,--end-group
'Finished building target: JSC_3_App_1_AfaFull.elf'
' '
'Invoking: MicroBlaze Print Size'
mb-size JSC_3_App_1_AfaFull.elf  |tee "JSC_3_App_1_AfaFull.elf.size"
   text	   data	    bss	    dec	    hex	filename
 168700	   2004	134222296	134393000	802aca8	JSC_3_App_1_AfaFull.elf
'Finished building: JSC_3_App_1_AfaFull.elf.size'
' '
02:41:44 **** Auto Build of configuration Debug for project JSC_3_App_1_AfaFull ****
make all 
'Building file: ../src/AFAProcessingHWWrapper.c'
'Invoking: MicroBlaze gcc compiler'
mb-gcc -Wall -O0 -g3 -c -fmessage-length=0 -MT"src/AFAProcessingHWWrapper.o" -I../../JSC_1_BSP/microblaze_0/include -mlittle-endian -mcpu=v9.5 -mxl-soft-mul -Wl,--no-relax -MMD -MP -MF"src/AFAProcessingHWWrapper.d" -MT"src/AFAProcessingHWWrapper.d" -o "src/AFAProcessingHWWrapper.o" "../src/AFAProcessingHWWrapper.c"
'Finished building: ../src/AFAProcessingHWWrapper.c'
' '
'Building target: JSC_3_App_1_AfaFull.elf'
'Invoking: MicroBlaze gcc linker'
mb-gcc -Wl,-T -Wl,../src/lscript.ld -L../../JSC_1_BSP/microblaze_0/lib -mlittle-endian -mcpu=v9.5 -mxl-soft-mul -Wl,--no-relax -o "JSC_3_App_1_AfaFull.elf"  ./src/AFAMain.o ./src/AFANetworkSettings.o ./src/AFAProcessing.o ./src/AFAProcessingHWC-Simu.o ./src/AFAProcessingHWWrapper.o ./src/AFARandom.o ./src/AFASpectra.o ./src/AFATypes.o ./src/BoardIO.o ./src/Interrupt.o ./src/main.o ./src/platform.o ./src/xgpio_tapp_example.o   -Wl,--start-group,-lxil,-lgcc,-lc,--end-group -Wl,--start-group,-lxil,-llwip4,-lgcc,-lc,--end-group
'Finished building target: JSC_3_App_1_AfaFull.elf'
' '
'Invoking: MicroBlaze Print Size'
mb-size JSC_3_App_1_AfaFull.elf  |tee "JSC_3_App_1_AfaFull.elf.size"
   text	   data	    bss	    dec	    hex	filename
 168704	   2004	134222292	134393000	802aca8	JSC_3_App_1_AfaFull.elf
'Finished building: JSC_3_App_1_AfaFull.elf.size'
' '
02:41:49 **** Incremental Build of configuration Debug for project JSC_3_App_1_AfaFull ****
make all 
make: Für das Ziel »all« ist nichts zu tun.
02:48:57 **** Auto Build of configuration Debug for project JSC_3_App_1_AfaFull ****
make all 
'Building file: ../src/main.c'
'Invoking: MicroBlaze gcc compiler'
mb-gcc -Wall -O0 -g3 -c -fmessage-length=0 -MT"src/main.o" -I../../JSC_1_BSP/microblaze_0/include -mlittle-endian -mcpu=v9.5 -mxl-soft-mul -Wl,--no-relax -MMD -MP -MF"src/main.d" -MT"src/main.d" -o "src/main.o" "../src/main.c"
../src/main.c: In function 'main':
../src/main.c:302:6: warning: implicit declaration of function 'InterruptInit' [-Wimplicit-function-declaration]
      InterruptInit();
      ^
../src/main.c:303:6: warning: implicit declaration of function 'XAfaprocess_hw_Init' [-Wimplicit-function-declaration]
      XAfaprocess_hw_Init();
      ^
../src/main.c:304:6: warning: implicit declaration of function 'InterruptEnable' [-Wimplicit-function-declaration]
      InterruptEnable();
      ^
'Finished building: ../src/main.c'
' '
'Building target: JSC_3_App_1_AfaFull.elf'
'Invoking: MicroBlaze gcc linker'
mb-gcc -Wl,-T -Wl,../src/lscript.ld -L../../JSC_1_BSP/microblaze_0/lib -mlittle-endian -mcpu=v9.5 -mxl-soft-mul -Wl,--no-relax -o "JSC_3_App_1_AfaFull.elf"  ./src/AFAMain.o ./src/AFANetworkSettings.o ./src/AFAProcessing.o ./src/AFAProcessingHWC-Simu.o ./src/AFAProcessingHWWrapper.o ./src/AFARandom.o ./src/AFASpectra.o ./src/AFATypes.o ./src/BoardIO.o ./src/Interrupt.o ./src/main.o ./src/platform.o ./src/xgpio_tapp_example.o   -Wl,--start-group,-lxil,-lgcc,-lc,--end-group -Wl,--start-group,-lxil,-llwip4,-lgcc,-lc,--end-group
'Finished building target: JSC_3_App_1_AfaFull.elf'
' '
'Invoking: MicroBlaze Print Size'
mb-size JSC_3_App_1_AfaFull.elf  |tee "JSC_3_App_1_AfaFull.elf.size"
   text	   data	    bss	    dec	    hex	filename
 168712	   2004	134222292	134393008	802acb0	JSC_3_App_1_AfaFull.elf
'Finished building: JSC_3_App_1_AfaFull.elf.size'
' '
02:49:05 **** Incremental Build of configuration Debug for project JSC_3_App_1_AfaFull ****
make all 
make: Für das Ziel »all« ist nichts zu tun.
02:50:29 **** Auto Build of configuration Debug for project JSC_3_App_1_AfaFull ****
make all 
'Building file: ../src/AFAProcessingHWWrapper.c'
'Invoking: MicroBlaze gcc compiler'
mb-gcc -Wall -O0 -g3 -c -fmessage-length=0 -MT"src/AFAProcessingHWWrapper.o" -I../../JSC_1_BSP/microblaze_0/include -mlittle-endian -mcpu=v9.5 -mxl-soft-mul -Wl,--no-relax -MMD -MP -MF"src/AFAProcessingHWWrapper.d" -MT"src/AFAProcessingHWWrapper.d" -o "src/AFAProcessingHWWrapper.o" "../src/AFAProcessingHWWrapper.c"
'Finished building: ../src/AFAProcessingHWWrapper.c'
' '
'Building target: JSC_3_App_1_AfaFull.elf'
'Invoking: MicroBlaze gcc linker'
mb-gcc -Wl,-T -Wl,../src/lscript.ld -L../../JSC_1_BSP/microblaze_0/lib -mlittle-endian -mcpu=v9.5 -mxl-soft-mul -Wl,--no-relax -o "JSC_3_App_1_AfaFull.elf"  ./src/AFAMain.o ./src/AFANetworkSettings.o ./src/AFAProcessing.o ./src/AFAProcessingHWC-Simu.o ./src/AFAProcessingHWWrapper.o ./src/AFARandom.o ./src/AFASpectra.o ./src/AFATypes.o ./src/BoardIO.o ./src/Interrupt.o ./src/main.o ./src/platform.o ./src/xgpio_tapp_example.o   -Wl,--start-group,-lxil,-lgcc,-lc,--end-group -Wl,--start-group,-lxil,-llwip4,-lgcc,-lc,--end-group
'Finished building target: JSC_3_App_1_AfaFull.elf'
' '
'Invoking: MicroBlaze Print Size'
mb-size JSC_3_App_1_AfaFull.elf  |tee "JSC_3_App_1_AfaFull.elf.size"
   text	   data	    bss	    dec	    hex	filename
 168716	   2004	134222296	134393016	802acb8	JSC_3_App_1_AfaFull.elf
'Finished building: JSC_3_App_1_AfaFull.elf.size'
' '
02:50:32 **** Incremental Build of configuration Debug for project JSC_3_App_1_AfaFull ****
make all 
make: Für das Ziel »all« ist nichts zu tun.
10:22:10 **** Auto Build of configuration Debug for project JSC_3_App_1_AfaFull ****
make all 
'Building file: ../src/main.c'
'Invoking: MicroBlaze gcc compiler'
mb-gcc -Wall -O0 -g3 -c -fmessage-length=0 -MT"src/main.o" -I../../JSC_1_BSP/microblaze_0/include -mlittle-endian -mcpu=v9.5 -mxl-soft-mul -Wl,--no-relax -MMD -MP -MF"src/main.d" -MT"src/main.d" -o "src/main.o" "../src/main.c"
../src/main.c: In function 'main':
../src/main.c:302:6: warning: implicit declaration of function 'InterruptInit' [-Wimplicit-function-declaration]
      InterruptInit();
      ^
../src/main.c:303:6: warning: implicit declaration of function 'XAfaprocess_hw_Init' [-Wimplicit-function-declaration]
      XAfaprocess_hw_Init();
      ^
../src/main.c:304:6: warning: implicit declaration of function 'InterruptEnable' [-Wimplicit-function-declaration]
      InterruptEnable();
      ^
'Finished building: ../src/main.c'
' '
'Building target: JSC_3_App_1_AfaFull.elf'
'Invoking: MicroBlaze gcc linker'
mb-gcc -Wl,-T -Wl,../src/lscript.ld -L../../JSC_1_BSP/microblaze_0/lib -mlittle-endian -mcpu=v9.5 -mxl-soft-mul -Wl,--no-relax -o "JSC_3_App_1_AfaFull.elf"  ./src/AFAMain.o ./src/AFANetworkSettings.o ./src/AFAProcessing.o ./src/AFAProcessingHWC-Simu.o ./src/AFAProcessingHWWrapper.o ./src/AFARandom.o ./src/AFASpectra.o ./src/AFATypes.o ./src/BoardIO.o ./src/Interrupt.o ./src/main.o ./src/platform.o ./src/xgpio_tapp_example.o   -Wl,--start-group,-lxil,-lgcc,-lc,--end-group -Wl,--start-group,-lxil,-llwip4,-lgcc,-lc,--end-group
'Finished building target: JSC_3_App_1_AfaFull.elf'
' '
'Invoking: MicroBlaze Print Size'
mb-size JSC_3_App_1_AfaFull.elf  |tee "JSC_3_App_1_AfaFull.elf.size"
   text	   data	    bss	    dec	    hex	filename
 168788	   2004	134222296	134393088	802ad00	JSC_3_App_1_AfaFull.elf
'Finished building: JSC_3_App_1_AfaFull.elf.size'
' '
10:22:13 **** Incremental Build of configuration Debug for project JSC_3_App_1_AfaFull ****
make all 
make: Für das Ziel »all« ist nichts zu tun.
12:25:46 **** Clean-only build of project JSC_1_BSP ****
make -k clean 
rm -f microblaze_0/lib/libxil.a
12:25:46 **** Clean-only build of configuration Debug for project JSC_2_APP_1_Hello ****
make clean 
rm -rf  ./src/helloworld.o ./src/platform.o  ./src/helloworld.d ./src/platform.d  JSC_2_APP_1_Hello.elf.size  JSC_2_APP_1_Hello.elf
' '
12:25:46 **** Build of project JSC_1_BSP ****
make -k all 
"Running Make include in microblaze_0/libsrc/AFAProcess_HW_v0_5/src"
make -C microblaze_0/libsrc/AFAProcess_HW_v0_5/src -s include  "SHELL=CMD" "COMPILER=mb-gcc" "ARCHIVER=mb-ar" "COMPILER_FLAGS= -O2 -c -mcpu=v9.5 -mlittle-endian -mxl-soft-mul" "EXTRA_COMPILER_FLAGS=-g"
"Running Make include in microblaze_0/libsrc/bram_v4_0/src"
make -C microblaze_0/libsrc/bram_v4_0/src -s include  "SHELL=CMD" "COMPILER=mb-gcc" "ARCHIVER=mb-ar" "COMPILER_FLAGS= -O2 -c -mcpu=v9.5 -mlittle-endian -mxl-soft-mul" "EXTRA_COMPILER_FLAGS=-g"
"Running Make include in microblaze_0/libsrc/cpu_v2_3/src"
make -C microblaze_0/libsrc/cpu_v2_3/src -s include  "SHELL=CMD" "COMPILER=mb-gcc" "ARCHIVER=mb-ar" "COMPILER_FLAGS= -O2 -c -mcpu=v9.5 -mlittle-endian -mxl-soft-mul" "EXTRA_COMPILER_FLAGS=-g"
"Running Make include in microblaze_0/libsrc/emaclite_v4_1/src"
make -C microblaze_0/libsrc/emaclite_v4_1/src -s include  "SHELL=CMD" "COMPILER=mb-gcc" "ARCHIVER=mb-ar" "COMPILER_FLAGS= -O2 -c -mcpu=v9.5 -mlittle-endian -mxl-soft-mul" "EXTRA_COMPILER_FLAGS=-g"
"Running Make include in microblaze_0/libsrc/gpio_v4_0/src"
make -C microblaze_0/libsrc/gpio_v4_0/src -s include  "SHELL=CMD" "COMPILER=mb-gcc" "ARCHIVER=mb-ar" "COMPILER_FLAGS= -O2 -c -mcpu=v9.5 -mlittle-endian -mxl-soft-mul" "EXTRA_COMPILER_FLAGS=-g"
"Running Make include in microblaze_0/libsrc/intc_v3_4/src"
make -C microblaze_0/libsrc/intc_v3_4/src -s include  "SHELL=CMD" "COMPILER=mb-gcc" "ARCHIVER=mb-ar" "COMPILER_FLAGS= -O2 -c -mcpu=v9.5 -mlittle-endian -mxl-soft-mul" "EXTRA_COMPILER_FLAGS=-g"
"Running Make include in microblaze_0/libsrc/lwip141_v1_3/src"
make -C microblaze_0/libsrc/lwip141_v1_3/src -s include  "SHELL=CMD" "COMPILER=mb-gcc" "ARCHIVER=mb-ar" "COMPILER_FLAGS= -O2 -c -mcpu=v9.5 -mlittle-endian -mxl-soft-mul" "EXTRA_COMPILER_FLAGS=-g"
"Running Make include in microblaze_0/libsrc/standalone_v5_3/src"
make -C microblaze_0/libsrc/standalone_v5_3/src -s include  "SHELL=CMD" "COMPILER=mb-gcc" "ARCHIVER=mb-ar" "COMPILER_FLAGS= -O2 -c -mcpu=v9.5 -mlittle-endian -mxl-soft-mul" "EXTRA_COMPILER_FLAGS=-g"
"Running Make include in microblaze_0/libsrc/tmrctr_v4_0/src"
make -C microblaze_0/libsrc/tmrctr_v4_0/src -s include  "SHELL=CMD" "COMPILER=mb-gcc" "ARCHIVER=mb-ar" "COMPILER_FLAGS= -O2 -c -mcpu=v9.5 -mlittle-endian -mxl-soft-mul" "EXTRA_COMPILER_FLAGS=-g"
"Running Make include in microblaze_0/libsrc/uartlite_v3_1/src"
make -C microblaze_0/libsrc/uartlite_v3_1/src -s include  "SHELL=CMD" "COMPILER=mb-gcc" "ARCHIVER=mb-ar" "COMPILER_FLAGS= -O2 -c -mcpu=v9.5 -mlittle-endian -mxl-soft-mul" "EXTRA_COMPILER_FLAGS=-g"
"Running Make libs in microblaze_0/libsrc/AFAProcess_HW_v0_5/src"
make -C microblaze_0/libsrc/AFAProcess_HW_v0_5/src -s libs  "SHELL=CMD" "COMPILER=mb-gcc" "ARCHIVER=mb-ar" "COMPILER_FLAGS= -O2 -c -mcpu=v9.5 -mlittle-endian -mxl-soft-mul" "EXTRA_COMPILER_FLAGS=-g"
"Compiling AFAProcess_HW"
mb-ar: creating ../../../lib/libxil.a
"Running Make libs in microblaze_0/libsrc/bram_v4_0/src"
make -C microblaze_0/libsrc/bram_v4_0/src -s libs  "SHELL=CMD" "COMPILER=mb-gcc" "ARCHIVER=mb-ar" "COMPILER_FLAGS= -O2 -c -mcpu=v9.5 -mlittle-endian -mxl-soft-mul" "EXTRA_COMPILER_FLAGS=-g"
"Compiling bram"
"Running Make libs in microblaze_0/libsrc/cpu_v2_3/src"
make -C microblaze_0/libsrc/cpu_v2_3/src -s libs  "SHELL=CMD" "COMPILER=mb-gcc" "ARCHIVER=mb-ar" "COMPILER_FLAGS= -O2 -c -mcpu=v9.5 -mlittle-endian -mxl-soft-mul" "EXTRA_COMPILER_FLAGS=-g"
"Compiling cpu"
"Running Make libs in microblaze_0/libsrc/emaclite_v4_1/src"
make -C microblaze_0/libsrc/emaclite_v4_1/src -s libs  "SHELL=CMD" "COMPILER=mb-gcc" "ARCHIVER=mb-ar" "COMPILER_FLAGS= -O2 -c -mcpu=v9.5 -mlittle-endian -mxl-soft-mul" "EXTRA_COMPILER_FLAGS=-g"
"Compiling emaclite"
"Running Make libs in microblaze_0/libsrc/gpio_v4_0/src"
make -C microblaze_0/libsrc/gpio_v4_0/src -s libs  "SHELL=CMD" "COMPILER=mb-gcc" "ARCHIVER=mb-ar" "COMPILER_FLAGS= -O2 -c -mcpu=v9.5 -mlittle-endian -mxl-soft-mul" "EXTRA_COMPILER_FLAGS=-g"
"Compiling gpio"
"Running Make libs in microblaze_0/libsrc/intc_v3_4/src"
make -C microblaze_0/libsrc/intc_v3_4/src -s libs  "SHELL=CMD" "COMPILER=mb-gcc" "ARCHIVER=mb-ar" "COMPILER_FLAGS= -O2 -c -mcpu=v9.5 -mlittle-endian -mxl-soft-mul" "EXTRA_COMPILER_FLAGS=-g"
"Compiling intc"
"Running Make libs in microblaze_0/libsrc/lwip141_v1_3/src"
make -C microblaze_0/libsrc/lwip141_v1_3/src -s libs  "SHELL=CMD" "COMPILER=mb-gcc" "ARCHIVER=mb-ar" "COMPILER_FLAGS= -O2 -c -mcpu=v9.5 -mlittle-endian -mxl-soft-mul" "EXTRA_COMPILER_FLAGS=-g"
"Compiling lwip src and adapter files"
"Running Make libs in microblaze_0/libsrc/standalone_v5_3/src"
make -C microblaze_0/libsrc/standalone_v5_3/src -s libs  "SHELL=CMD" "COMPILER=mb-gcc" "ARCHIVER=mb-ar" "COMPILER_FLAGS= -O2 -c -mcpu=v9.5 -mlittle-endian -mxl-soft-mul" "EXTRA_COMPILER_FLAGS=-g"
"Compiling standalone";
"Running Make libs in microblaze_0/libsrc/tmrctr_v4_0/src"
make -C microblaze_0/libsrc/tmrctr_v4_0/src -s libs  "SHELL=CMD" "COMPILER=mb-gcc" "ARCHIVER=mb-ar" "COMPILER_FLAGS= -O2 -c -mcpu=v9.5 -mlittle-endian -mxl-soft-mul" "EXTRA_COMPILER_FLAGS=-g"
"Compiling tmrctr"
"Running Make libs in microblaze_0/libsrc/uartlite_v3_1/src"
make -C microblaze_0/libsrc/uartlite_v3_1/src -s libs  "SHELL=CMD" "COMPILER=mb-gcc" "ARCHIVER=mb-ar" "COMPILER_FLAGS= -O2 -c -mcpu=v9.5 -mlittle-endian -mxl-soft-mul" "EXTRA_COMPILER_FLAGS=-g"
"Compiling uartlite"
'Finished building libraries'
12:25:51 **** Clean-only build of configuration Debug for project JSC_2_APP_2_Peripheral ****
make clean 
rm -rf  ./src/testperiph.o ./src/xemaclite_example_util.o ./src/xemaclite_intr_example.o ./src/xemaclite_polled_example.o ./src/xintc_tapp_example.o ./src/xtmrctr_intr_example.o ./src/xtmrctr_selftest_example.o  ./src/testperiph.d ./src/xemaclite_example_util.d ./src/xemaclite_intr_example.d ./src/xemaclite_polled_example.d ./src/xintc_tapp_example.d ./src/xtmrctr_intr_example.d ./src/xtmrctr_selftest_example.d  JSC_2_APP_2_Peripheral.elf.size  JSC_2_APP_2_Peripheral.elf
' '
12:25:51 **** Clean-only build of configuration Debug for project JSC_2_APP_3_AfaPretest ****
make clean 
rm -rf  ./src/afa_main.o ./src/interrupts.o ./src/main.o ./src/xemaclite_example_util.o ./src/xemaclite_intr_example.o ./src/xemaclite_polled_example.o ./src/xintc_tapp_example.o ./src/xtmrctr_intr_example.o ./src/xtmrctr_selftest_example.o  ./src/afa_main.d ./src/interrupts.d ./src/main.d ./src/xemaclite_example_util.d ./src/xemaclite_intr_example.d ./src/xemaclite_polled_example.d ./src/xintc_tapp_example.d ./src/xtmrctr_intr_example.d ./src/xtmrctr_selftest_example.d  JSC_2_APP_3_AfaPretest.elf.size  JSC_2_APP_3_AfaPretest.elf
' '
12:25:51 **** Build of configuration Debug for project JSC_2_APP_1_Hello ****
make all 
'Building file: ../src/helloworld.c'
'Invoking: MicroBlaze gcc compiler'
mb-gcc -Wall -O0 -g3 -c -fmessage-length=0 -MT"src/helloworld.o" -I../../JSC_1_BSP/microblaze_0/include -mlittle-endian -mcpu=v9.5 -mxl-soft-mul -Wl,--no-relax -MMD -MP -MF"src/helloworld.d" -MT"src/helloworld.d" -o "src/helloworld.o" "../src/helloworld.c"
'Finished building: ../src/helloworld.c'
' '
'Building file: ../src/platform.c'
'Invoking: MicroBlaze gcc compiler'
mb-gcc -Wall -O0 -g3 -c -fmessage-length=0 -MT"src/platform.o" -I../../JSC_1_BSP/microblaze_0/include -mlittle-endian -mcpu=v9.5 -mxl-soft-mul -Wl,--no-relax -MMD -MP -MF"src/platform.d" -MT"src/platform.d" -o "src/platform.o" "../src/platform.c"
'Finished building: ../src/platform.c'
' '
'Building target: JSC_2_APP_1_Hello.elf'
'Invoking: MicroBlaze gcc linker'
mb-gcc -Wl,-T -Wl,../src/lscript.ld -L../../JSC_1_BSP/microblaze_0/lib -mlittle-endian -mcpu=v9.5 -mxl-soft-mul -Wl,--no-relax -o "JSC_2_APP_1_Hello.elf"  ./src/helloworld.o ./src/platform.o   -Wl,--start-group,-lxil,-lgcc,-lc,--end-group -Wl,--start-group,-lxil,-llwip4,-lgcc,-lc,--end-group
'Finished building target: JSC_2_APP_1_Hello.elf'
' '
'Invoking: MicroBlaze Print Size'
mb-size JSC_2_APP_1_Hello.elf  |tee "JSC_2_APP_1_Hello.elf.size"
   text	   data	    bss	    dec	    hex	filename
   8408	    344	   3248	  12000	   2ee0	JSC_2_APP_1_Hello.elf
'Finished building: JSC_2_APP_1_Hello.elf.size'
' '
12:25:52 **** Clean-only build of configuration Debug for project JSC_2_APP_4_LEDs ****
make clean 
rm -rf  ./src/testperiph.o ./src/xemaclite_example_util.o ./src/xemaclite_intr_example.o ./src/xemaclite_polled_example.o ./src/xgpio_tapp_example.o ./src/xintc_tapp_example.o ./src/xtmrctr_intr_example.o ./src/xtmrctr_selftest_example.o  ./src/testperiph.d ./src/xemaclite_example_util.d ./src/xemaclite_intr_example.d ./src/xemaclite_polled_example.d ./src/xgpio_tapp_example.d ./src/xintc_tapp_example.d ./src/xtmrctr_intr_example.d ./src/xtmrctr_selftest_example.d  JSC_2_APP_4_LEDs.elf.size  JSC_2_APP_4_LEDs.elf
' '
12:25:52 **** Clean-only build of configuration Debug for project JSC_2_APP_5_TestTest ****
make clean 
rm -rf  ./src/testperiph.o ./src/xemaclite_example_util.o ./src/xemaclite_intr_example.o ./src/xemaclite_polled_example.o ./src/xgpio_tapp_example.o ./src/xintc_tapp_example.o ./src/xtmrctr_intr_example.o ./src/xtmrctr_selftest_example.o  ./src/testperiph.d ./src/xemaclite_example_util.d ./src/xemaclite_intr_example.d ./src/xemaclite_polled_example.d ./src/xgpio_tapp_example.d ./src/xintc_tapp_example.d ./src/xtmrctr_intr_example.d ./src/xtmrctr_selftest_example.d  JSC_2_APP_5_TestTest.elf.size  JSC_2_APP_5_TestTest.elf
' '
12:25:52 **** Build of configuration Debug for project JSC_2_APP_2_Peripheral ****
make all 
'Building file: ../src/testperiph.c'
'Invoking: MicroBlaze gcc compiler'
mb-gcc -Wall -O0 -g3 -c -fmessage-length=0 -MT"src/testperiph.o" -I../../JSC_1_BSP/microblaze_0/include -mlittle-endian -mcpu=v9.5 -mxl-soft-mul -Wl,--no-relax -MMD -MP -MF"src/testperiph.d" -MT"src/testperiph.d" -o "src/testperiph.o" "../src/testperiph.c"
'Finished building: ../src/testperiph.c'
' '
'Building file: ../src/xemaclite_example_util.c'
'Invoking: MicroBlaze gcc compiler'
mb-gcc -Wall -O0 -g3 -c -fmessage-length=0 -MT"src/xemaclite_example_util.o" -I../../JSC_1_BSP/microblaze_0/include -mlittle-endian -mcpu=v9.5 -mxl-soft-mul -Wl,--no-relax -MMD -MP -MF"src/xemaclite_example_util.d" -MT"src/xemaclite_example_util.d" -o "src/xemaclite_example_util.o" "../src/xemaclite_example_util.c"
'Finished building: ../src/xemaclite_example_util.c'
' '
'Building file: ../src/xemaclite_intr_example.c'
'Invoking: MicroBlaze gcc compiler'
mb-gcc -Wall -O0 -g3 -c -fmessage-length=0 -MT"src/xemaclite_intr_example.o" -I../../JSC_1_BSP/microblaze_0/include -mlittle-endian -mcpu=v9.5 -mxl-soft-mul -Wl,--no-relax -MMD -MP -MF"src/xemaclite_intr_example.d" -MT"src/xemaclite_intr_example.d" -o "src/xemaclite_intr_example.o" "../src/xemaclite_intr_example.c"
../src/xemaclite_intr_example.c: In function 'EmacLiteSendHandler':
../src/xemaclite_intr_example.c:539:13: warning: variable 'XEmacInstancePtr' set but not used [-Wunused-but-set-variable]
  XEmacLite *XEmacInstancePtr;
             ^
'Finished building: ../src/xemaclite_intr_example.c'
' '
'Building file: ../src/xemaclite_polled_example.c'
'Invoking: MicroBlaze gcc compiler'
mb-gcc -Wall -O0 -g3 -c -fmessage-length=0 -MT"src/xemaclite_polled_example.o" -I../../JSC_1_BSP/microblaze_0/include -mlittle-endian -mcpu=v9.5 -mxl-soft-mul -Wl,--no-relax -MMD -MP -MF"src/xemaclite_polled_example.d" -MT"src/xemaclite_polled_example.d" -o "src/xemaclite_polled_example.o" "../src/xemaclite_polled_example.c"
'Finished building: ../src/xemaclite_polled_example.c'
' '
'Building file: ../src/xintc_tapp_example.c'
'Invoking: MicroBlaze gcc compiler'
mb-gcc -Wall -O0 -g3 -c -fmessage-length=0 -MT"src/xintc_tapp_example.o" -I../../JSC_1_BSP/microblaze_0/include -mlittle-endian -mcpu=v9.5 -mxl-soft-mul -Wl,--no-relax -MMD -MP -MF"src/xintc_tapp_example.d" -MT"src/xintc_tapp_example.d" -o "src/xintc_tapp_example.o" "../src/xintc_tapp_example.c"
'Finished building: ../src/xintc_tapp_example.c'
' '
'Building file: ../src/xtmrctr_intr_example.c'
'Invoking: MicroBlaze gcc compiler'
mb-gcc -Wall -O0 -g3 -c -fmessage-length=0 -MT"src/xtmrctr_intr_example.o" -I../../JSC_1_BSP/microblaze_0/include -mlittle-endian -mcpu=v9.5 -mxl-soft-mul -Wl,--no-relax -MMD -MP -MF"src/xtmrctr_intr_example.d" -MT"src/xtmrctr_intr_example.d" -o "src/xtmrctr_intr_example.o" "../src/xtmrctr_intr_example.c"
'Finished building: ../src/xtmrctr_intr_example.c'
' '
'Building file: ../src/xtmrctr_selftest_example.c'
'Invoking: MicroBlaze gcc compiler'
mb-gcc -Wall -O0 -g3 -c -fmessage-length=0 -MT"src/xtmrctr_selftest_example.o" -I../../JSC_1_BSP/microblaze_0/include -mlittle-endian -mcpu=v9.5 -mxl-soft-mul -Wl,--no-relax -MMD -MP -MF"src/xtmrctr_selftest_example.d" -MT"src/xtmrctr_selftest_example.d" -o "src/xtmrctr_selftest_example.o" "../src/xtmrctr_selftest_example.c"
'Finished building: ../src/xtmrctr_selftest_example.c'
' '
'Building target: JSC_2_APP_2_Peripheral.elf'
'Invoking: MicroBlaze gcc linker'
mb-gcc -Wl,-T -Wl,../src/lscript.ld -L../../JSC_1_BSP/microblaze_0/lib -mlittle-endian -mcpu=v9.5 -mxl-soft-mul -Wl,--no-relax -o "JSC_2_APP_2_Peripheral.elf"  ./src/testperiph.o ./src/xemaclite_example_util.o ./src/xemaclite_intr_example.o ./src/xemaclite_polled_example.o ./src/xintc_tapp_example.o ./src/xtmrctr_intr_example.o ./src/xtmrctr_selftest_example.o   -Wl,--start-group,-lxil,-lgcc,-lc,--end-group -Wl,--start-group,-lxil,-llwip4,-lgcc,-lc,--end-group
'Finished building target: JSC_2_APP_2_Peripheral.elf'
' '
'Invoking: MicroBlaze Print Size'
mb-size JSC_2_APP_2_Peripheral.elf  |tee "JSC_2_APP_2_Peripheral.elf.size"
   text	   data	    bss	    dec	    hex	filename
  31349	    408	   6520	  38277	   9585	JSC_2_APP_2_Peripheral.elf
'Finished building: JSC_2_APP_2_Peripheral.elf.size'
' '
12:25:53 **** Clean-only build of configuration Debug for project JSC_3_App_1_AfaFull ****
make clean 
rm -rf  ./src/AFAMain.o ./src/AFANetworkSettings.o ./src/AFAProcessing.o ./src/AFAProcessingHWC-Simu.o ./src/AFAProcessingHWWrapper.o ./src/AFARandom.o ./src/AFASpectra.o ./src/AFATypes.o ./src/BoardIO.o ./src/Interrupt.o ./src/main.o ./src/platform.o ./src/xgpio_tapp_example.o  ./src/AFAMain.d ./src/AFANetworkSettings.d ./src/AFAProcessing.d ./src/AFAProcessingHWC-Simu.d ./src/AFAProcessingHWWrapper.d ./src/AFARandom.d ./src/AFASpectra.d ./src/AFATypes.d ./src/BoardIO.d ./src/Interrupt.d ./src/main.d ./src/platform.d ./src/xgpio_tapp_example.d  JSC_3_App_1_AfaFull.elf.size  JSC_3_App_1_AfaFull.elf
' '
12:25:54 **** Build of configuration Debug for project JSC_2_APP_3_AfaPretest ****
make all 
'Building file: ../src/afa_main.c'
'Invoking: MicroBlaze gcc compiler'
mb-gcc -Wall -O0 -g3 -c -fmessage-length=0 -MT"src/afa_main.o" -I../../JSC_1_BSP/microblaze_0/include -mlittle-endian -mcpu=v9.5 -mxl-soft-mul -Wl,--no-relax -MMD -MP -MF"src/afa_main.d" -MT"src/afa_main.d" -o "src/afa_main.o" "../src/afa_main.c"
'Finished building: ../src/afa_main.c'
' '
'Building file: ../src/interrupts.c'
'Invoking: MicroBlaze gcc compiler'
mb-gcc -Wall -O0 -g3 -c -fmessage-length=0 -MT"src/interrupts.o" -I../../JSC_1_BSP/microblaze_0/include -mlittle-endian -mcpu=v9.5 -mxl-soft-mul -Wl,--no-relax -MMD -MP -MF"src/interrupts.d" -MT"src/interrupts.d" -o "src/interrupts.o" "../src/interrupts.c"
'Finished building: ../src/interrupts.c'
' '
'Building file: ../src/main.c'
'Invoking: MicroBlaze gcc compiler'
mb-gcc -Wall -O0 -g3 -c -fmessage-length=0 -MT"src/main.o" -I../../JSC_1_BSP/microblaze_0/include -mlittle-endian -mcpu=v9.5 -mxl-soft-mul -Wl,--no-relax -MMD -MP -MF"src/main.d" -MT"src/main.d" -o "src/main.o" "../src/main.c"
../src/main.c: In function 'main':
../src/main.c:40:5: warning: implicit declaration of function 'AfaTestApp' [-Wimplicit-function-declaration]
     AfaTestApp();
     ^
../src/main.c:30:20: warning: unused variable 'axi_timer_0_Timer' [-Wunused-variable]
     static XTmrCtr axi_timer_0_Timer;
                    ^
../src/main.c:29:22: warning: unused variable 'axi_ethernetlite_0_EmacLite' [-Wunused-variable]
     static XEmacLite axi_ethernetlite_0_EmacLite;
                      ^
../src/main.c:28:18: warning: unused variable 'intc' [-Wunused-variable]
     static XIntc intc;
                  ^
'Finished building: ../src/main.c'
' '
'Building file: ../src/xemaclite_example_util.c'
'Invoking: MicroBlaze gcc compiler'
mb-gcc -Wall -O0 -g3 -c -fmessage-length=0 -MT"src/xemaclite_example_util.o" -I../../JSC_1_BSP/microblaze_0/include -mlittle-endian -mcpu=v9.5 -mxl-soft-mul -Wl,--no-relax -MMD -MP -MF"src/xemaclite_example_util.d" -MT"src/xemaclite_example_util.d" -o "src/xemaclite_example_util.o" "../src/xemaclite_example_util.c"
'Finished building: ../src/xemaclite_example_util.c'
' '
'Building file: ../src/xemaclite_intr_example.c'
'Invoking: MicroBlaze gcc compiler'
mb-gcc -Wall -O0 -g3 -c -fmessage-length=0 -MT"src/xemaclite_intr_example.o" -I../../JSC_1_BSP/microblaze_0/include -mlittle-endian -mcpu=v9.5 -mxl-soft-mul -Wl,--no-relax -MMD -MP -MF"src/xemaclite_intr_example.d" -MT"src/xemaclite_intr_example.d" -o "src/xemaclite_intr_example.o" "../src/xemaclite_intr_example.c"
../src/xemaclite_intr_example.c: In function 'EmacLiteSendHandler':
../src/xemaclite_intr_example.c:539:13: warning: variable 'XEmacInstancePtr' set but not used [-Wunused-but-set-variable]
  XEmacLite *XEmacInstancePtr;
             ^
'Finished building: ../src/xemaclite_intr_example.c'
' '
'Building file: ../src/xemaclite_polled_example.c'
'Invoking: MicroBlaze gcc compiler'
mb-gcc -Wall -O0 -g3 -c -fmessage-length=0 -MT"src/xemaclite_polled_example.o" -I../../JSC_1_BSP/microblaze_0/include -mlittle-endian -mcpu=v9.5 -mxl-soft-mul -Wl,--no-relax -MMD -MP -MF"src/xemaclite_polled_example.d" -MT"src/xemaclite_polled_example.d" -o "src/xemaclite_polled_example.o" "../src/xemaclite_polled_example.c"
'Finished building: ../src/xemaclite_polled_example.c'
' '
'Building file: ../src/xintc_tapp_example.c'
'Invoking: MicroBlaze gcc compiler'
mb-gcc -Wall -O0 -g3 -c -fmessage-length=0 -MT"src/xintc_tapp_example.o" -I../../JSC_1_BSP/microblaze_0/include -mlittle-endian -mcpu=v9.5 -mxl-soft-mul -Wl,--no-relax -MMD -MP -MF"src/xintc_tapp_example.d" -MT"src/xintc_tapp_example.d" -o "src/xintc_tapp_example.o" "../src/xintc_tapp_example.c"
'Finished building: ../src/xintc_tapp_example.c'
' '
'Building file: ../src/xtmrctr_intr_example.c'
'Invoking: MicroBlaze gcc compiler'
mb-gcc -Wall -O0 -g3 -c -fmessage-length=0 -MT"src/xtmrctr_intr_example.o" -I../../JSC_1_BSP/microblaze_0/include -mlittle-endian -mcpu=v9.5 -mxl-soft-mul -Wl,--no-relax -MMD -MP -MF"src/xtmrctr_intr_example.d" -MT"src/xtmrctr_intr_example.d" -o "src/xtmrctr_intr_example.o" "../src/xtmrctr_intr_example.c"
'Finished building: ../src/xtmrctr_intr_example.c'
' '
'Building file: ../src/xtmrctr_selftest_example.c'
'Invoking: MicroBlaze gcc compiler'
mb-gcc -Wall -O0 -g3 -c -fmessage-length=0 -MT"src/xtmrctr_selftest_example.o" -I../../JSC_1_BSP/microblaze_0/include -mlittle-endian -mcpu=v9.5 -mxl-soft-mul -Wl,--no-relax -MMD -MP -MF"src/xtmrctr_selftest_example.d" -MT"src/xtmrctr_selftest_example.d" -o "src/xtmrctr_selftest_example.o" "../src/xtmrctr_selftest_example.c"
'Finished building: ../src/xtmrctr_selftest_example.c'
' '
'Building target: JSC_2_APP_3_AfaPretest.elf'
'Invoking: MicroBlaze gcc linker'
mb-gcc -Wl,-T -Wl,../src/lscript.ld -L../../JSC_1_BSP/microblaze_0/lib -mlittle-endian -mcpu=v9.5 -mxl-soft-mul -Wl,--no-relax -o "JSC_2_APP_3_AfaPretest.elf"  ./src/afa_main.o ./src/interrupts.o ./src/main.o ./src/xemaclite_example_util.o ./src/xemaclite_intr_example.o ./src/xemaclite_polled_example.o ./src/xintc_tapp_example.o ./src/xtmrctr_intr_example.o ./src/xtmrctr_selftest_example.o   -Wl,--start-group,-lxil,-lgcc,-lc,--end-group -Wl,--start-group,-lxil,-llwip4,-lgcc,-lc,--end-group
'Finished building target: JSC_2_APP_3_AfaPretest.elf'
' '
'Invoking: MicroBlaze Print Size'
mb-size JSC_2_APP_3_AfaPretest.elf  |tee "JSC_2_APP_3_AfaPretest.elf.size"
   text	   data	    bss	    dec	    hex	filename
  34565	    424	   6552	  41541	   a245	JSC_2_APP_3_AfaPretest.elf
'Finished building: JSC_2_APP_3_AfaPretest.elf.size'
' '
12:25:55 **** Build of configuration Debug for project JSC_2_APP_4_LEDs ****
make all 
'Building file: ../src/testperiph.c'
'Invoking: MicroBlaze gcc compiler'
mb-gcc -Wall -O0 -g3 -c -fmessage-length=0 -MT"src/testperiph.o" -I../../JSC_1_BSP/microblaze_0/include -mlittle-endian -mcpu=v9.5 -mxl-soft-mul -Wl,--no-relax -MMD -MP -MF"src/testperiph.d" -MT"src/testperiph.d" -o "src/testperiph.o" "../src/testperiph.c"
'Finished building: ../src/testperiph.c'
' '
'Building file: ../src/xemaclite_example_util.c'
'Invoking: MicroBlaze gcc compiler'
mb-gcc -Wall -O0 -g3 -c -fmessage-length=0 -MT"src/xemaclite_example_util.o" -I../../JSC_1_BSP/microblaze_0/include -mlittle-endian -mcpu=v9.5 -mxl-soft-mul -Wl,--no-relax -MMD -MP -MF"src/xemaclite_example_util.d" -MT"src/xemaclite_example_util.d" -o "src/xemaclite_example_util.o" "../src/xemaclite_example_util.c"
'Finished building: ../src/xemaclite_example_util.c'
' '
'Building file: ../src/xemaclite_intr_example.c'
'Invoking: MicroBlaze gcc compiler'
mb-gcc -Wall -O0 -g3 -c -fmessage-length=0 -MT"src/xemaclite_intr_example.o" -I../../JSC_1_BSP/microblaze_0/include -mlittle-endian -mcpu=v9.5 -mxl-soft-mul -Wl,--no-relax -MMD -MP -MF"src/xemaclite_intr_example.d" -MT"src/xemaclite_intr_example.d" -o "src/xemaclite_intr_example.o" "../src/xemaclite_intr_example.c"
../src/xemaclite_intr_example.c: In function 'EmacLiteSendHandler':
../src/xemaclite_intr_example.c:539:13: warning: variable 'XEmacInstancePtr' set but not used [-Wunused-but-set-variable]
  XEmacLite *XEmacInstancePtr;
             ^
'Finished building: ../src/xemaclite_intr_example.c'
' '
'Building file: ../src/xemaclite_polled_example.c'
'Invoking: MicroBlaze gcc compiler'
mb-gcc -Wall -O0 -g3 -c -fmessage-length=0 -MT"src/xemaclite_polled_example.o" -I../../JSC_1_BSP/microblaze_0/include -mlittle-endian -mcpu=v9.5 -mxl-soft-mul -Wl,--no-relax -MMD -MP -MF"src/xemaclite_polled_example.d" -MT"src/xemaclite_polled_example.d" -o "src/xemaclite_polled_example.o" "../src/xemaclite_polled_example.c"
'Finished building: ../src/xemaclite_polled_example.c'
' '
'Building file: ../src/xgpio_tapp_example.c'
'Invoking: MicroBlaze gcc compiler'
mb-gcc -Wall -O0 -g3 -c -fmessage-length=0 -MT"src/xgpio_tapp_example.o" -I../../JSC_1_BSP/microblaze_0/include -mlittle-endian -mcpu=v9.5 -mxl-soft-mul -Wl,--no-relax -MMD -MP -MF"src/xgpio_tapp_example.d" -MT"src/xgpio_tapp_example.d" -o "src/xgpio_tapp_example.o" "../src/xgpio_tapp_example.c"
../src/xgpio_tapp_example.c: In function 'GpioOutputExample':
../src/xgpio_tapp_example.c:172:6: warning: unused variable 'Data' [-Wunused-variable]
  u32 Data;
      ^
'Finished building: ../src/xgpio_tapp_example.c'
' '
'Building file: ../src/xintc_tapp_example.c'
'Invoking: MicroBlaze gcc compiler'
mb-gcc -Wall -O0 -g3 -c -fmessage-length=0 -MT"src/xintc_tapp_example.o" -I../../JSC_1_BSP/microblaze_0/include -mlittle-endian -mcpu=v9.5 -mxl-soft-mul -Wl,--no-relax -MMD -MP -MF"src/xintc_tapp_example.d" -MT"src/xintc_tapp_example.d" -o "src/xintc_tapp_example.o" "../src/xintc_tapp_example.c"
'Finished building: ../src/xintc_tapp_example.c'
' '
'Building file: ../src/xtmrctr_intr_example.c'
'Invoking: MicroBlaze gcc compiler'
mb-gcc -Wall -O0 -g3 -c -fmessage-length=0 -MT"src/xtmrctr_intr_example.o" -I../../JSC_1_BSP/microblaze_0/include -mlittle-endian -mcpu=v9.5 -mxl-soft-mul -Wl,--no-relax -MMD -MP -MF"src/xtmrctr_intr_example.d" -MT"src/xtmrctr_intr_example.d" -o "src/xtmrctr_intr_example.o" "../src/xtmrctr_intr_example.c"
'Finished building: ../src/xtmrctr_intr_example.c'
' '
'Building file: ../src/xtmrctr_selftest_example.c'
'Invoking: MicroBlaze gcc compiler'
mb-gcc -Wall -O0 -g3 -c -fmessage-length=0 -MT"src/xtmrctr_selftest_example.o" -I../../JSC_1_BSP/microblaze_0/include -mlittle-endian -mcpu=v9.5 -mxl-soft-mul -Wl,--no-relax -MMD -MP -MF"src/xtmrctr_selftest_example.d" -MT"src/xtmrctr_selftest_example.d" -o "src/xtmrctr_selftest_example.o" "../src/xtmrctr_selftest_example.c"
'Finished building: ../src/xtmrctr_selftest_example.c'
' '
'Building target: JSC_2_APP_4_LEDs.elf'
'Invoking: MicroBlaze gcc linker'
mb-gcc -Wl,-T -Wl,../src/lscript.ld -L../../JSC_1_BSP/microblaze_0/lib -mlittle-endian -mcpu=v9.5 -mxl-soft-mul -Wl,--no-relax -o "JSC_2_APP_4_LEDs.elf"  ./src/testperiph.o ./src/xemaclite_example_util.o ./src/xemaclite_intr_example.o ./src/xemaclite_polled_example.o ./src/xgpio_tapp_example.o ./src/xintc_tapp_example.o ./src/xtmrctr_intr_example.o ./src/xtmrctr_selftest_example.o   -Wl,--start-group,-lxil,-lgcc,-lc,--end-group -Wl,--start-group,-lxil,-llwip4,-lgcc,-lc,--end-group
'Finished building target: JSC_2_APP_4_LEDs.elf'
' '
'Invoking: MicroBlaze Print Size'
mb-size JSC_2_APP_4_LEDs.elf  |tee "JSC_2_APP_4_LEDs.elf.size"
   text	   data	    bss	    dec	    hex	filename
  34401	    440	   6559	  41400	   a1b8	JSC_2_APP_4_LEDs.elf
'Finished building: JSC_2_APP_4_LEDs.elf.size'
' '
12:25:57 **** Build of configuration Debug for project JSC_2_APP_5_TestTest ****
make all 
'Building file: ../src/testperiph.c'
'Invoking: MicroBlaze gcc compiler'
mb-gcc -Wall -O0 -g3 -c -fmessage-length=0 -MT"src/testperiph.o" -I../../JSC_1_BSP/microblaze_0/include -mlittle-endian -mcpu=v9.5 -mxl-soft-mul -Wl,--no-relax -MMD -MP -MF"src/testperiph.d" -MT"src/testperiph.d" -o "src/testperiph.o" "../src/testperiph.c"
'Finished building: ../src/testperiph.c'
' '
'Building file: ../src/xemaclite_example_util.c'
'Invoking: MicroBlaze gcc compiler'
mb-gcc -Wall -O0 -g3 -c -fmessage-length=0 -MT"src/xemaclite_example_util.o" -I../../JSC_1_BSP/microblaze_0/include -mlittle-endian -mcpu=v9.5 -mxl-soft-mul -Wl,--no-relax -MMD -MP -MF"src/xemaclite_example_util.d" -MT"src/xemaclite_example_util.d" -o "src/xemaclite_example_util.o" "../src/xemaclite_example_util.c"
'Finished building: ../src/xemaclite_example_util.c'
' '
'Building file: ../src/xemaclite_intr_example.c'
'Invoking: MicroBlaze gcc compiler'
mb-gcc -Wall -O0 -g3 -c -fmessage-length=0 -MT"src/xemaclite_intr_example.o" -I../../JSC_1_BSP/microblaze_0/include -mlittle-endian -mcpu=v9.5 -mxl-soft-mul -Wl,--no-relax -MMD -MP -MF"src/xemaclite_intr_example.d" -MT"src/xemaclite_intr_example.d" -o "src/xemaclite_intr_example.o" "../src/xemaclite_intr_example.c"
../src/xemaclite_intr_example.c: In function 'EmacLiteSendHandler':
../src/xemaclite_intr_example.c:539:13: warning: variable 'XEmacInstancePtr' set but not used [-Wunused-but-set-variable]
  XEmacLite *XEmacInstancePtr;
             ^
'Finished building: ../src/xemaclite_intr_example.c'
' '
'Building file: ../src/xemaclite_polled_example.c'
'Invoking: MicroBlaze gcc compiler'
mb-gcc -Wall -O0 -g3 -c -fmessage-length=0 -MT"src/xemaclite_polled_example.o" -I../../JSC_1_BSP/microblaze_0/include -mlittle-endian -mcpu=v9.5 -mxl-soft-mul -Wl,--no-relax -MMD -MP -MF"src/xemaclite_polled_example.d" -MT"src/xemaclite_polled_example.d" -o "src/xemaclite_polled_example.o" "../src/xemaclite_polled_example.c"
'Finished building: ../src/xemaclite_polled_example.c'
' '
'Building file: ../src/xgpio_tapp_example.c'
'Invoking: MicroBlaze gcc compiler'
mb-gcc -Wall -O0 -g3 -c -fmessage-length=0 -MT"src/xgpio_tapp_example.o" -I../../JSC_1_BSP/microblaze_0/include -mlittle-endian -mcpu=v9.5 -mxl-soft-mul -Wl,--no-relax -MMD -MP -MF"src/xgpio_tapp_example.d" -MT"src/xgpio_tapp_example.d" -o "src/xgpio_tapp_example.o" "../src/xgpio_tapp_example.c"
../src/xgpio_tapp_example.c: In function 'GpioOutputExample':
../src/xgpio_tapp_example.c:172:6: warning: unused variable 'Data' [-Wunused-variable]
  u32 Data;
      ^
'Finished building: ../src/xgpio_tapp_example.c'
' '
'Building file: ../src/xintc_tapp_example.c'
'Invoking: MicroBlaze gcc compiler'
mb-gcc -Wall -O0 -g3 -c -fmessage-length=0 -MT"src/xintc_tapp_example.o" -I../../JSC_1_BSP/microblaze_0/include -mlittle-endian -mcpu=v9.5 -mxl-soft-mul -Wl,--no-relax -MMD -MP -MF"src/xintc_tapp_example.d" -MT"src/xintc_tapp_example.d" -o "src/xintc_tapp_example.o" "../src/xintc_tapp_example.c"
'Finished building: ../src/xintc_tapp_example.c'
' '
'Building file: ../src/xtmrctr_intr_example.c'
'Invoking: MicroBlaze gcc compiler'
mb-gcc -Wall -O0 -g3 -c -fmessage-length=0 -MT"src/xtmrctr_intr_example.o" -I../../JSC_1_BSP/microblaze_0/include -mlittle-endian -mcpu=v9.5 -mxl-soft-mul -Wl,--no-relax -MMD -MP -MF"src/xtmrctr_intr_example.d" -MT"src/xtmrctr_intr_example.d" -o "src/xtmrctr_intr_example.o" "../src/xtmrctr_intr_example.c"
'Finished building: ../src/xtmrctr_intr_example.c'
' '
'Building file: ../src/xtmrctr_selftest_example.c'
'Invoking: MicroBlaze gcc compiler'
mb-gcc -Wall -O0 -g3 -c -fmessage-length=0 -MT"src/xtmrctr_selftest_example.o" -I../../JSC_1_BSP/microblaze_0/include -mlittle-endian -mcpu=v9.5 -mxl-soft-mul -Wl,--no-relax -MMD -MP -MF"src/xtmrctr_selftest_example.d" -MT"src/xtmrctr_selftest_example.d" -o "src/xtmrctr_selftest_example.o" "../src/xtmrctr_selftest_example.c"
'Finished building: ../src/xtmrctr_selftest_example.c'
' '
'Building target: JSC_2_APP_5_TestTest.elf'
'Invoking: MicroBlaze gcc linker'
mb-gcc -Wl,-T -Wl,../src/lscript.ld -L../../JSC_1_BSP/microblaze_0/lib -mlittle-endian -mcpu=v9.5 -mxl-soft-mul -Wl,--no-relax -o "JSC_2_APP_5_TestTest.elf"  ./src/testperiph.o ./src/xemaclite_example_util.o ./src/xemaclite_intr_example.o ./src/xemaclite_polled_example.o ./src/xgpio_tapp_example.o ./src/xintc_tapp_example.o ./src/xtmrctr_intr_example.o ./src/xtmrctr_selftest_example.o   -Wl,--start-group,-lxil,-lgcc,-lc,--end-group -Wl,--start-group,-lxil,-llwip4,-lgcc,-lc,--end-group
'Finished building target: JSC_2_APP_5_TestTest.elf'
' '
'Invoking: MicroBlaze Print Size'
mb-size JSC_2_APP_5_TestTest.elf  |tee "JSC_2_APP_5_TestTest.elf.size"
   text	   data	    bss	    dec	    hex	filename
  34401	    440	   6559	  41400	   a1b8	JSC_2_APP_5_TestTest.elf
'Finished building: JSC_2_APP_5_TestTest.elf.size'
' '
12:25:58 **** Build of configuration Debug for project JSC_3_App_1_AfaFull ****
make all 
'Building file: ../src/AFAMain.c'
'Invoking: MicroBlaze gcc compiler'
mb-gcc -Wall -O0 -g3 -c -fmessage-length=0 -MT"src/AFAMain.o" -I../../JSC_1_BSP/microblaze_0/include -mlittle-endian -mcpu=v9.5 -mxl-soft-mul -Wl,--no-relax -MMD -MP -MF"src/AFAMain.d" -MT"src/AFAMain.d" -o "src/AFAMain.o" "../src/AFAMain.c"
'Finished building: ../src/AFAMain.c'
' '
'Building file: ../src/AFANetworkSettings.c'
'Invoking: MicroBlaze gcc compiler'
mb-gcc -Wall -O0 -g3 -c -fmessage-length=0 -MT"src/AFANetworkSettings.o" -I../../JSC_1_BSP/microblaze_0/include -mlittle-endian -mcpu=v9.5 -mxl-soft-mul -Wl,--no-relax -MMD -MP -MF"src/AFANetworkSettings.d" -MT"src/AFANetworkSettings.d" -o "src/AFANetworkSettings.o" "../src/AFANetworkSettings.c"
'Finished building: ../src/AFANetworkSettings.c'
' '
'Building file: ../src/AFAProcessing.c'
'Invoking: MicroBlaze gcc compiler'
mb-gcc -Wall -O0 -g3 -c -fmessage-length=0 -MT"src/AFAProcessing.o" -I../../JSC_1_BSP/microblaze_0/include -mlittle-endian -mcpu=v9.5 -mxl-soft-mul -Wl,--no-relax -MMD -MP -MF"src/AFAProcessing.d" -MT"src/AFAProcessing.d" -o "src/AFAProcessing.o" "../src/AFAProcessing.c"
../src/AFAProcessing.c: In function 'AFAHelperStructures_MemAllocate':
../src/AFAProcessing.c:136:46: warning: cast to pointer from integer of different size [-Wint-to-pointer-cast]
     AFAPP_sw.memoryBlockBaseAddressAligned = ( void * ) tmpAddrCalc;
                                              ^
'Finished building: ../src/AFAProcessing.c'
' '
'Building file: ../src/AFAProcessingHWC-Simu.c'
'Invoking: MicroBlaze gcc compiler'
mb-gcc -Wall -O0 -g3 -c -fmessage-length=0 -MT"src/AFAProcessingHWC-Simu.o" -I../../JSC_1_BSP/microblaze_0/include -mlittle-endian -mcpu=v9.5 -mxl-soft-mul -Wl,--no-relax -MMD -MP -MF"src/AFAProcessingHWC-Simu.d" -MT"src/AFAProcessingHWC-Simu.d" -o "src/AFAProcessingHWC-Simu.o" "../src/AFAProcessingHWC-Simu.c"
../src/AFAProcessingHWC-Simu.c: In function 'AFAProcess_HW':
../src/AFAProcessingHWC-Simu.c:162:0: warning: ignoring #pragma HLS RESOURCE [-Wunknown-pragmas]
 #pragma HLS RESOURCE            variable=param             core=RAM_1P_BRAM
 ^
../src/AFAProcessingHWC-Simu.c:163:0: warning: ignoring #pragma HLS INTERFACE [-Wunknown-pragmas]
 #pragma HLS INTERFACE bram      port=param
 ^
../src/AFAProcessingHWC-Simu.c:164:0: warning: ignoring #pragma HLS INTERFACE [-Wunknown-pragmas]
 #pragma HLS INTERFACE m_axi     port=baseAddr              depth=10000
 ^
../src/AFAProcessingHWC-Simu.c:165:0: warning: ignoring #pragma HLS INTERFACE [-Wunknown-pragmas]
 #pragma HLS INTERFACE s_axilite port=baseAddr                          bundle=INTERFACE_AXILITE_SLAVE
 ^
../src/AFAProcessingHWC-Simu.c:166:0: warning: ignoring #pragma HLS INTERFACE [-Wunknown-pragmas]
 #pragma HLS INTERFACE s_axilite port=return                            bundle=INTERFACE_AXILITE_SLAVE
 ^
'Finished building: ../src/AFAProcessingHWC-Simu.c'
' '
'Building file: ../src/AFAProcessingHWWrapper.c'
'Invoking: MicroBlaze gcc compiler'
[...]
     static XIntc intc;
                  ^
'Finished building: ../src/main.c'
' '
'Building file: ../src/xemaclite_example_util.c'
'Invoking: MicroBlaze gcc compiler'
mb-gcc -Wall -O0 -g3 -c -fmessage-length=0 -MT"src/xemaclite_example_util.o" -I../../JSC_1_BSP/microblaze_0/include -mlittle-endian -mcpu=v9.5 -mxl-soft-mul -Wl,--no-relax -MMD -MP -MF"src/xemaclite_example_util.d" -MT"src/xemaclite_example_util.d" -o "src/xemaclite_example_util.o" "../src/xemaclite_example_util.c"
'Finished building: ../src/xemaclite_example_util.c'
' '
'Building file: ../src/xemaclite_intr_example.c'
'Invoking: MicroBlaze gcc compiler'
mb-gcc -Wall -O0 -g3 -c -fmessage-length=0 -MT"src/xemaclite_intr_example.o" -I../../JSC_1_BSP/microblaze_0/include -mlittle-endian -mcpu=v9.5 -mxl-soft-mul -Wl,--no-relax -MMD -MP -MF"src/xemaclite_intr_example.d" -MT"src/xemaclite_intr_example.d" -o "src/xemaclite_intr_example.o" "../src/xemaclite_intr_example.c"
../src/xemaclite_intr_example.c: In function 'EmacLiteSendHandler':
../src/xemaclite_intr_example.c:539:13: warning: variable 'XEmacInstancePtr' set but not used [-Wunused-but-set-variable]
  XEmacLite *XEmacInstancePtr;
             ^
'Finished building: ../src/xemaclite_intr_example.c'
' '
'Building file: ../src/xemaclite_polled_example.c'
'Invoking: MicroBlaze gcc compiler'
mb-gcc -Wall -O0 -g3 -c -fmessage-length=0 -MT"src/xemaclite_polled_example.o" -I../../JSC_1_BSP/microblaze_0/include -mlittle-endian -mcpu=v9.5 -mxl-soft-mul -Wl,--no-relax -MMD -MP -MF"src/xemaclite_polled_example.d" -MT"src/xemaclite_polled_example.d" -o "src/xemaclite_polled_example.o" "../src/xemaclite_polled_example.c"
'Finished building: ../src/xemaclite_polled_example.c'
' '
'Building file: ../src/xintc_tapp_example.c'
'Invoking: MicroBlaze gcc compiler'
mb-gcc -Wall -O0 -g3 -c -fmessage-length=0 -MT"src/xintc_tapp_example.o" -I../../JSC_1_BSP/microblaze_0/include -mlittle-endian -mcpu=v9.5 -mxl-soft-mul -Wl,--no-relax -MMD -MP -MF"src/xintc_tapp_example.d" -MT"src/xintc_tapp_example.d" -o "src/xintc_tapp_example.o" "../src/xintc_tapp_example.c"
'Finished building: ../src/xintc_tapp_example.c'
' '
'Building file: ../src/xtmrctr_intr_example.c'
'Invoking: MicroBlaze gcc compiler'
mb-gcc -Wall -O0 -g3 -c -fmessage-length=0 -MT"src/xtmrctr_intr_example.o" -I../../JSC_1_BSP/microblaze_0/include -mlittle-endian -mcpu=v9.5 -mxl-soft-mul -Wl,--no-relax -MMD -MP -MF"src/xtmrctr_intr_example.d" -MT"src/xtmrctr_intr_example.d" -o "src/xtmrctr_intr_example.o" "../src/xtmrctr_intr_example.c"
'Finished building: ../src/xtmrctr_intr_example.c'
' '
'Building file: ../src/xtmrctr_selftest_example.c'
'Invoking: MicroBlaze gcc compiler'
mb-gcc -Wall -O0 -g3 -c -fmessage-length=0 -MT"src/xtmrctr_selftest_example.o" -I../../JSC_1_BSP/microblaze_0/include -mlittle-endian -mcpu=v9.5 -mxl-soft-mul -Wl,--no-relax -MMD -MP -MF"src/xtmrctr_selftest_example.d" -MT"src/xtmrctr_selftest_example.d" -o "src/xtmrctr_selftest_example.o" "../src/xtmrctr_selftest_example.c"
'Finished building: ../src/xtmrctr_selftest_example.c'
' '
'Building target: JSC_2_APP_3_AfaPretest.elf'
'Invoking: MicroBlaze gcc linker'
mb-gcc -Wl,-T -Wl,../src/lscript.ld -L../../JSC_1_BSP/microblaze_0/lib -mlittle-endian -mcpu=v9.5 -mxl-soft-mul -Wl,--no-relax -o "JSC_2_APP_3_AfaPretest.elf"  ./src/afa_main.o ./src/interrupts.o ./src/main.o ./src/xemaclite_example_util.o ./src/xemaclite_intr_example.o ./src/xemaclite_polled_example.o ./src/xintc_tapp_example.o ./src/xtmrctr_intr_example.o ./src/xtmrctr_selftest_example.o   -Wl,--start-group,-lxil,-lgcc,-lc,--end-group -Wl,--start-group,-lxil,-llwip4,-lgcc,-lc,--end-group
'Finished building target: JSC_2_APP_3_AfaPretest.elf'
' '
'Invoking: MicroBlaze Print Size'
mb-size JSC_2_APP_3_AfaPretest.elf  |tee "JSC_2_APP_3_AfaPretest.elf.size"
   text	   data	    bss	    dec	    hex	filename
  34565	    424	   6552	  41541	   a245	JSC_2_APP_3_AfaPretest.elf
'Finished building: JSC_2_APP_3_AfaPretest.elf.size'
' '
12:32:26 **** Auto Build of configuration Debug for project JSC_2_APP_4_LEDs ****
make all 
'Building file: ../src/testperiph.c'
'Invoking: MicroBlaze gcc compiler'
mb-gcc -Wall -O0 -g3 -c -fmessage-length=0 -MT"src/testperiph.o" -I../../JSC_1_BSP/microblaze_0/include -mlittle-endian -mcpu=v9.5 -mxl-soft-mul -Wl,--no-relax -MMD -MP -MF"src/testperiph.d" -MT"src/testperiph.d" -o "src/testperiph.o" "../src/testperiph.c"
'Finished building: ../src/testperiph.c'
' '
'Building file: ../src/xemaclite_example_util.c'
'Invoking: MicroBlaze gcc compiler'
mb-gcc -Wall -O0 -g3 -c -fmessage-length=0 -MT"src/xemaclite_example_util.o" -I../../JSC_1_BSP/microblaze_0/include -mlittle-endian -mcpu=v9.5 -mxl-soft-mul -Wl,--no-relax -MMD -MP -MF"src/xemaclite_example_util.d" -MT"src/xemaclite_example_util.d" -o "src/xemaclite_example_util.o" "../src/xemaclite_example_util.c"
'Finished building: ../src/xemaclite_example_util.c'
' '
'Building file: ../src/xemaclite_intr_example.c'
'Invoking: MicroBlaze gcc compiler'
mb-gcc -Wall -O0 -g3 -c -fmessage-length=0 -MT"src/xemaclite_intr_example.o" -I../../JSC_1_BSP/microblaze_0/include -mlittle-endian -mcpu=v9.5 -mxl-soft-mul -Wl,--no-relax -MMD -MP -MF"src/xemaclite_intr_example.d" -MT"src/xemaclite_intr_example.d" -o "src/xemaclite_intr_example.o" "../src/xemaclite_intr_example.c"
../src/xemaclite_intr_example.c: In function 'EmacLiteSendHandler':
../src/xemaclite_intr_example.c:539:13: warning: variable 'XEmacInstancePtr' set but not used [-Wunused-but-set-variable]
  XEmacLite *XEmacInstancePtr;
             ^
'Finished building: ../src/xemaclite_intr_example.c'
' '
'Building file: ../src/xemaclite_polled_example.c'
'Invoking: MicroBlaze gcc compiler'
mb-gcc -Wall -O0 -g3 -c -fmessage-length=0 -MT"src/xemaclite_polled_example.o" -I../../JSC_1_BSP/microblaze_0/include -mlittle-endian -mcpu=v9.5 -mxl-soft-mul -Wl,--no-relax -MMD -MP -MF"src/xemaclite_polled_example.d" -MT"src/xemaclite_polled_example.d" -o "src/xemaclite_polled_example.o" "../src/xemaclite_polled_example.c"
'Finished building: ../src/xemaclite_polled_example.c'
' '
'Building file: ../src/xgpio_tapp_example.c'
'Invoking: MicroBlaze gcc compiler'
mb-gcc -Wall -O0 -g3 -c -fmessage-length=0 -MT"src/xgpio_tapp_example.o" -I../../JSC_1_BSP/microblaze_0/include -mlittle-endian -mcpu=v9.5 -mxl-soft-mul -Wl,--no-relax -MMD -MP -MF"src/xgpio_tapp_example.d" -MT"src/xgpio_tapp_example.d" -o "src/xgpio_tapp_example.o" "../src/xgpio_tapp_example.c"
../src/xgpio_tapp_example.c: In function 'GpioOutputExample':
../src/xgpio_tapp_example.c:172:6: warning: unused variable 'Data' [-Wunused-variable]
  u32 Data;
      ^
'Finished building: ../src/xgpio_tapp_example.c'
' '
'Building file: ../src/xintc_tapp_example.c'
'Invoking: MicroBlaze gcc compiler'
mb-gcc -Wall -O0 -g3 -c -fmessage-length=0 -MT"src/xintc_tapp_example.o" -I../../JSC_1_BSP/microblaze_0/include -mlittle-endian -mcpu=v9.5 -mxl-soft-mul -Wl,--no-relax -MMD -MP -MF"src/xintc_tapp_example.d" -MT"src/xintc_tapp_example.d" -o "src/xintc_tapp_example.o" "../src/xintc_tapp_example.c"
'Finished building: ../src/xintc_tapp_example.c'
' '
'Building file: ../src/xtmrctr_intr_example.c'
'Invoking: MicroBlaze gcc compiler'
mb-gcc -Wall -O0 -g3 -c -fmessage-length=0 -MT"src/xtmrctr_intr_example.o" -I../../JSC_1_BSP/microblaze_0/include -mlittle-endian -mcpu=v9.5 -mxl-soft-mul -Wl,--no-relax -MMD -MP -MF"src/xtmrctr_intr_example.d" -MT"src/xtmrctr_intr_example.d" -o "src/xtmrctr_intr_example.o" "../src/xtmrctr_intr_example.c"
'Finished building: ../src/xtmrctr_intr_example.c'
' '
'Building file: ../src/xtmrctr_selftest_example.c'
'Invoking: MicroBlaze gcc compiler'
mb-gcc -Wall -O0 -g3 -c -fmessage-length=0 -MT"src/xtmrctr_selftest_example.o" -I../../JSC_1_BSP/microblaze_0/include -mlittle-endian -mcpu=v9.5 -mxl-soft-mul -Wl,--no-relax -MMD -MP -MF"src/xtmrctr_selftest_example.d" -MT"src/xtmrctr_selftest_example.d" -o "src/xtmrctr_selftest_example.o" "../src/xtmrctr_selftest_example.c"
'Finished building: ../src/xtmrctr_selftest_example.c'
' '
'Building target: JSC_2_APP_4_LEDs.elf'
'Invoking: MicroBlaze gcc linker'
mb-gcc -Wl,-T -Wl,../src/lscript.ld -L../../JSC_1_BSP/microblaze_0/lib -mlittle-endian -mcpu=v9.5 -mxl-soft-mul -Wl,--no-relax -o "JSC_2_APP_4_LEDs.elf"  ./src/testperiph.o ./src/xemaclite_example_util.o ./src/xemaclite_intr_example.o ./src/xemaclite_polled_example.o ./src/xgpio_tapp_example.o ./src/xintc_tapp_example.o ./src/xtmrctr_intr_example.o ./src/xtmrctr_selftest_example.o   -Wl,--start-group,-lxil,-lgcc,-lc,--end-group -Wl,--start-group,-lxil,-llwip4,-lgcc,-lc,--end-group
'Finished building target: JSC_2_APP_4_LEDs.elf'
' '
'Invoking: MicroBlaze Print Size'
mb-size JSC_2_APP_4_LEDs.elf  |tee "JSC_2_APP_4_LEDs.elf.size"
   text	   data	    bss	    dec	    hex	filename
  34401	    440	   6559	  41400	   a1b8	JSC_2_APP_4_LEDs.elf
'Finished building: JSC_2_APP_4_LEDs.elf.size'
' '
12:32:28 **** Auto Build of configuration Debug for project JSC_2_APP_5_TestTest ****
make all 
'Building file: ../src/testperiph.c'
'Invoking: MicroBlaze gcc compiler'
mb-gcc -Wall -O0 -g3 -c -fmessage-length=0 -MT"src/testperiph.o" -I../../JSC_1_BSP/microblaze_0/include -mlittle-endian -mcpu=v9.5 -mxl-soft-mul -Wl,--no-relax -MMD -MP -MF"src/testperiph.d" -MT"src/testperiph.d" -o "src/testperiph.o" "../src/testperiph.c"
'Finished building: ../src/testperiph.c'
' '
'Building file: ../src/xemaclite_example_util.c'
'Invoking: MicroBlaze gcc compiler'
mb-gcc -Wall -O0 -g3 -c -fmessage-length=0 -MT"src/xemaclite_example_util.o" -I../../JSC_1_BSP/microblaze_0/include -mlittle-endian -mcpu=v9.5 -mxl-soft-mul -Wl,--no-relax -MMD -MP -MF"src/xemaclite_example_util.d" -MT"src/xemaclite_example_util.d" -o "src/xemaclite_example_util.o" "../src/xemaclite_example_util.c"
'Finished building: ../src/xemaclite_example_util.c'
' '
'Building file: ../src/xemaclite_intr_example.c'
'Invoking: MicroBlaze gcc compiler'
mb-gcc -Wall -O0 -g3 -c -fmessage-length=0 -MT"src/xemaclite_intr_example.o" -I../../JSC_1_BSP/microblaze_0/include -mlittle-endian -mcpu=v9.5 -mxl-soft-mul -Wl,--no-relax -MMD -MP -MF"src/xemaclite_intr_example.d" -MT"src/xemaclite_intr_example.d" -o "src/xemaclite_intr_example.o" "../src/xemaclite_intr_example.c"
../src/xemaclite_intr_example.c: In function 'EmacLiteSendHandler':
../src/xemaclite_intr_example.c:539:13: warning: variable 'XEmacInstancePtr' set but not used [-Wunused-but-set-variable]
  XEmacLite *XEmacInstancePtr;
             ^
'Finished building: ../src/xemaclite_intr_example.c'
' '
'Building file: ../src/xemaclite_polled_example.c'
'Invoking: MicroBlaze gcc compiler'
mb-gcc -Wall -O0 -g3 -c -fmessage-length=0 -MT"src/xemaclite_polled_example.o" -I../../JSC_1_BSP/microblaze_0/include -mlittle-endian -mcpu=v9.5 -mxl-soft-mul -Wl,--no-relax -MMD -MP -MF"src/xemaclite_polled_example.d" -MT"src/xemaclite_polled_example.d" -o "src/xemaclite_polled_example.o" "../src/xemaclite_polled_example.c"
'Finished building: ../src/xemaclite_polled_example.c'
' '
'Building file: ../src/xgpio_tapp_example.c'
'Invoking: MicroBlaze gcc compiler'
mb-gcc -Wall -O0 -g3 -c -fmessage-length=0 -MT"src/xgpio_tapp_example.o" -I../../JSC_1_BSP/microblaze_0/include -mlittle-endian -mcpu=v9.5 -mxl-soft-mul -Wl,--no-relax -MMD -MP -MF"src/xgpio_tapp_example.d" -MT"src/xgpio_tapp_example.d" -o "src/xgpio_tapp_example.o" "../src/xgpio_tapp_example.c"
../src/xgpio_tapp_example.c: In function 'GpioOutputExample':
../src/xgpio_tapp_example.c:172:6: warning: unused variable 'Data' [-Wunused-variable]
  u32 Data;
      ^
'Finished building: ../src/xgpio_tapp_example.c'
' '
'Building file: ../src/xintc_tapp_example.c'
'Invoking: MicroBlaze gcc compiler'
mb-gcc -Wall -O0 -g3 -c -fmessage-length=0 -MT"src/xintc_tapp_example.o" -I../../JSC_1_BSP/microblaze_0/include -mlittle-endian -mcpu=v9.5 -mxl-soft-mul -Wl,--no-relax -MMD -MP -MF"src/xintc_tapp_example.d" -MT"src/xintc_tapp_example.d" -o "src/xintc_tapp_example.o" "../src/xintc_tapp_example.c"
'Finished building: ../src/xintc_tapp_example.c'
' '
'Building file: ../src/xtmrctr_intr_example.c'
'Invoking: MicroBlaze gcc compiler'
mb-gcc -Wall -O0 -g3 -c -fmessage-length=0 -MT"src/xtmrctr_intr_example.o" -I../../JSC_1_BSP/microblaze_0/include -mlittle-endian -mcpu=v9.5 -mxl-soft-mul -Wl,--no-relax -MMD -MP -MF"src/xtmrctr_intr_example.d" -MT"src/xtmrctr_intr_example.d" -o "src/xtmrctr_intr_example.o" "../src/xtmrctr_intr_example.c"
'Finished building: ../src/xtmrctr_intr_example.c'
' '
'Building file: ../src/xtmrctr_selftest_example.c'
'Invoking: MicroBlaze gcc compiler'
mb-gcc -Wall -O0 -g3 -c -fmessage-length=0 -MT"src/xtmrctr_selftest_example.o" -I../../JSC_1_BSP/microblaze_0/include -mlittle-endian -mcpu=v9.5 -mxl-soft-mul -Wl,--no-relax -MMD -MP -MF"src/xtmrctr_selftest_example.d" -MT"src/xtmrctr_selftest_example.d" -o "src/xtmrctr_selftest_example.o" "../src/xtmrctr_selftest_example.c"
'Finished building: ../src/xtmrctr_selftest_example.c'
' '
'Building target: JSC_2_APP_5_TestTest.elf'
'Invoking: MicroBlaze gcc linker'
mb-gcc -Wl,-T -Wl,../src/lscript.ld -L../../JSC_1_BSP/microblaze_0/lib -mlittle-endian -mcpu=v9.5 -mxl-soft-mul -Wl,--no-relax -o "JSC_2_APP_5_TestTest.elf"  ./src/testperiph.o ./src/xemaclite_example_util.o ./src/xemaclite_intr_example.o ./src/xemaclite_polled_example.o ./src/xgpio_tapp_example.o ./src/xintc_tapp_example.o ./src/xtmrctr_intr_example.o ./src/xtmrctr_selftest_example.o   -Wl,--start-group,-lxil,-lgcc,-lc,--end-group -Wl,--start-group,-lxil,-llwip4,-lgcc,-lc,--end-group
'Finished building target: JSC_2_APP_5_TestTest.elf'
' '
'Invoking: MicroBlaze Print Size'
mb-size JSC_2_APP_5_TestTest.elf  |tee "JSC_2_APP_5_TestTest.elf.size"
   text	   data	    bss	    dec	    hex	filename
  34401	    440	   6559	  41400	   a1b8	JSC_2_APP_5_TestTest.elf
'Finished building: JSC_2_APP_5_TestTest.elf.size'
' '
12:32:29 **** Auto Build of configuration Debug for project JSC_3_App_1_AfaFull ****
make all 
'Building file: ../src/AFAProcessingHWWrapper.c'
'Invoking: MicroBlaze gcc compiler'
mb-gcc -Wall -O0 -g3 -c -fmessage-length=0 -MT"src/AFAProcessingHWWrapper.o" -I../../JSC_1_BSP/microblaze_0/include -mlittle-endian -mcpu=v9.5 -mxl-soft-mul -Wl,--no-relax -MMD -MP -MF"src/AFAProcessingHWWrapper.d" -MT"src/AFAProcessingHWWrapper.d" -o "src/AFAProcessingHWWrapper.o" "../src/AFAProcessingHWWrapper.c"
'Finished building: ../src/AFAProcessingHWWrapper.c'
' '
'Building file: ../src/BoardIO.c'
'Invoking: MicroBlaze gcc compiler'
mb-gcc -Wall -O0 -g3 -c -fmessage-length=0 -MT"src/BoardIO.o" -I../../JSC_1_BSP/microblaze_0/include -mlittle-endian -mcpu=v9.5 -mxl-soft-mul -Wl,--no-relax -MMD -MP -MF"src/BoardIO.d" -MT"src/BoardIO.d" -o "src/BoardIO.o" "../src/BoardIO.c"
'Finished building: ../src/BoardIO.c'
' '
'Building file: ../src/Interrupt.c'
'Invoking: MicroBlaze gcc compiler'
mb-gcc -Wall -O0 -g3 -c -fmessage-length=0 -MT"src/Interrupt.o" -I../../JSC_1_BSP/microblaze_0/include -mlittle-endian -mcpu=v9.5 -mxl-soft-mul -Wl,--no-relax -MMD -MP -MF"src/Interrupt.d" -MT"src/Interrupt.d" -o "src/Interrupt.o" "../src/Interrupt.c"
'Finished building: ../src/Interrupt.c'
' '
'Building file: ../src/main.c'
'Invoking: MicroBlaze gcc compiler'
mb-gcc -Wall -O0 -g3 -c -fmessage-length=0 -MT"src/main.o" -I../../JSC_1_BSP/microblaze_0/include -mlittle-endian -mcpu=v9.5 -mxl-soft-mul -Wl,--no-relax -MMD -MP -MF"src/main.d" -MT"src/main.d" -o "src/main.o" "../src/main.c"
../src/main.c: In function 'main':
../src/main.c:302:6: warning: implicit declaration of function 'InterruptInit' [-Wimplicit-function-declaration]
      InterruptInit();
      ^
../src/main.c:303:6: warning: implicit declaration of function 'XAfaprocess_hw_Init' [-Wimplicit-function-declaration]
      XAfaprocess_hw_Init();
      ^
../src/main.c:304:6: warning: implicit declaration of function 'InterruptEnable' [-Wimplicit-function-declaration]
      InterruptEnable();
      ^
'Finished building: ../src/main.c'
' '
'Building file: ../src/platform.c'
'Invoking: MicroBlaze gcc compiler'
mb-gcc -Wall -O0 -g3 -c -fmessage-length=0 -MT"src/platform.o" -I../../JSC_1_BSP/microblaze_0/include -mlittle-endian -mcpu=v9.5 -mxl-soft-mul -Wl,--no-relax -MMD -MP -MF"src/platform.d" -MT"src/platform.d" -o "src/platform.o" "../src/platform.c"
'Finished building: ../src/platform.c'
' '
'Building file: ../src/xgpio_tapp_example.c'
'Invoking: MicroBlaze gcc compiler'
mb-gcc -Wall -O0 -g3 -c -fmessage-length=0 -MT"src/xgpio_tapp_example.o" -I../../JSC_1_BSP/microblaze_0/include -mlittle-endian -mcpu=v9.5 -mxl-soft-mul -Wl,--no-relax -MMD -MP -MF"src/xgpio_tapp_example.d" -MT"src/xgpio_tapp_example.d" -o "src/xgpio_tapp_example.o" "../src/xgpio_tapp_example.c"
../src/xgpio_tapp_example.c: In function 'GpioOutputExample':
../src/xgpio_tapp_example.c:172:6: warning: unused variable 'Data' [-Wunused-variable]
  u32 Data;
      ^
'Finished building: ../src/xgpio_tapp_example.c'
' '
'Building target: JSC_3_App_1_AfaFull.elf'
'Invoking: MicroBlaze gcc linker'
mb-gcc -Wl,-T -Wl,../src/lscript.ld -L../../JSC_1_BSP/microblaze_0/lib -mlittle-endian -mcpu=v9.5 -mxl-soft-mul -Wl,--no-relax -o "JSC_3_App_1_AfaFull.elf"  ./src/AFAMain.o ./src/AFANetworkSettings.o ./src/AFAProcessing.o ./src/AFAProcessingHWC-Simu.o ./src/AFAProcessingHWWrapper.o ./src/AFARandom.o ./src/AFASpectra.o ./src/AFATypes.o ./src/BoardIO.o ./src/Interrupt.o ./src/main.o ./src/platform.o ./src/xgpio_tapp_example.o   -Wl,--start-group,-lxil,-lgcc,-lc,--end-group -Wl,--start-group,-lxil,-llwip4,-lgcc,-lc,--end-group
'Finished building target: JSC_3_App_1_AfaFull.elf'
' '
'Invoking: MicroBlaze Print Size'
mb-size JSC_3_App_1_AfaFull.elf  |tee "JSC_3_App_1_AfaFull.elf.size"
   text	   data	    bss	    dec	    hex	filename
 168788	   2004	134222296	134393088	802ad00	JSC_3_App_1_AfaFull.elf
'Finished building: JSC_3_App_1_AfaFull.elf.size'
' '
12:34:17 **** Incremental Build of configuration Debug for project JSC_3_App_1_AfaFull ****
make all 
make: Für das Ziel »all« ist nichts zu tun.
12:34:50 **** Auto Build of configuration Debug for project JSC_3_App_1_AfaFull ****
make all 
'Building file: ../src/main.c'
'Invoking: MicroBlaze gcc compiler'
mb-gcc -Wall -O0 -g3 -c -fmessage-length=0 -MT"src/main.o" -I../../JSC_1_BSP/microblaze_0/include -mlittle-endian -mcpu=v9.5 -mxl-soft-mul -Wl,--no-relax -MMD -MP -MF"src/main.d" -MT"src/main.d" -o "src/main.o" "../src/main.c"
../src/main.c: In function 'main':
../src/main.c:302:6: warning: implicit declaration of function 'InterruptInit' [-Wimplicit-function-declaration]
      InterruptInit();
      ^
../src/main.c:303:6: warning: implicit declaration of function 'XAfaprocess_hw_Init' [-Wimplicit-function-declaration]
      XAfaprocess_hw_Init();
      ^
../src/main.c:304:6: warning: implicit declaration of function 'InterruptEnable' [-Wimplicit-function-declaration]
      InterruptEnable();
      ^
'Finished building: ../src/main.c'
' '
'Building target: JSC_3_App_1_AfaFull.elf'
'Invoking: MicroBlaze gcc linker'
mb-gcc -Wl,-T -Wl,../src/lscript.ld -L../../JSC_1_BSP/microblaze_0/lib -mlittle-endian -mcpu=v9.5 -mxl-soft-mul -Wl,--no-relax -o "JSC_3_App_1_AfaFull.elf"  ./src/AFAMain.o ./src/AFANetworkSettings.o ./src/AFAProcessing.o ./src/AFAProcessingHWC-Simu.o ./src/AFAProcessingHWWrapper.o ./src/AFARandom.o ./src/AFASpectra.o ./src/AFATypes.o ./src/BoardIO.o ./src/Interrupt.o ./src/main.o ./src/platform.o ./src/xgpio_tapp_example.o   -Wl,--start-group,-lxil,-lgcc,-lc,--end-group -Wl,--start-group,-lxil,-llwip4,-lgcc,-lc,--end-group
'Finished building target: JSC_3_App_1_AfaFull.elf'
' '
'Invoking: MicroBlaze Print Size'
mb-size JSC_3_App_1_AfaFull.elf  |tee "JSC_3_App_1_AfaFull.elf.size"
   text	   data	    bss	    dec	    hex	filename
 168716	   2004	134222296	134393016	802acb8	JSC_3_App_1_AfaFull.elf
'Finished building: JSC_3_App_1_AfaFull.elf.size'
' '
12:34:52 **** Incremental Build of configuration Debug for project JSC_3_App_1_AfaFull ****
make all 
make: Für das Ziel »all« ist nichts zu tun.
